// Jest Snapshot v1, https://goo.gl/fbAQLP

exports[`FileSheet matches snapshot 1`] = `
<div>
  <div
    class="mantine-1c216y3"
  >
    <div
      class="mantine-quehkv"
    >
      <div
        class="cards"
      />
    </div>
  </div>
</div>
`;
