// Jest Snapshot v1, https://goo.gl/fbAQLP

exports[`FoldableColumnLayout matches snapshot 1`] = `
<div>
  <div
    class=" mantine-1echu65"
    color="primary"
  >
    <div
      class="mantine-Grid-root mantine-18hdle4"
    >
      <div
        class="mantine-Grid-col mantine-psscdt"
      >
        <div
          class="mantine-Switch-root mantine-Switch-root mantine-1knyxmk"
        >
          <div
            class="mantine-hqx0d1 mantine-Switch-body"
          >
            <input
              checked=""
              class="mantine-19htmtn mantine-Switch-input"
              id="sidebar-toggle"
              type="checkbox"
            />
            <label
              class="mantine-1i8ydp7 mantine-Switch-track"
              for="sidebar-toggle"
            >
              <div
                class="mantine-1nqstp3 mantine-Switch-thumb"
              />
              <div
                class="mantine-r9fta7 mantine-Switch-trackLabel"
              />
            </label>
            <div
              class="mantine-g88pth mantine-Switch-labelWrapper"
            >
              <label
                class="mantine-14fko7b mantine-Switch-label"
                for="sidebar-toggle"
              >
                <div
                  class="mantine-Text-root mantine-1o8aepr"
                >
                  Display sidebar
                </div>
              </label>
            </div>
          </div>
        </div>
      </div>
    </div>
  </div>
  <div
    class="mantine-16nq4t3 "
  >
    <button
      class="mantine-UnstyledButton-root mantine-Button-root mantine-s27q6v"
      data-button="true"
      type="button"
    >
      <div
        class="mantine-1wpc1xj mantine-Button-inner"
      >
        <span
          class="mantine-1ryt1ht mantine-Button-label"
        >
          Display sidebar
        </span>
        <span
          class="mantine-Button-icon mantine-Button-rightIcon mantine-467wo8"
        >
          <svg
            fill="currentColor"
            height="1em"
            viewBox="0 0 256 256"
            width="1em"
            xmlns="http://www.w3.org/2000/svg"
          >
            <path
              d="M213.66,165.66a8,8,0,0,1-11.32,0L128,91.31,53.66,165.66a8,8,0,0,1-11.32-11.32l80-80a8,8,0,0,1,11.32,0l80,80A8,8,0,0,1,213.66,165.66Z"
            />
          </svg>
        </span>
      </div>
    </button>
  </div>
  <div
    class="mantine-Container-root mantine-1tcnuk"
  >
    <div
      class="mantine-Grid-root mantine-dgp6xz"
    >
      <div
        aria-hidden="false"
        class="mantine-Grid-col mantine-1psi0ra"
      >
        <span>
          sidebar content
        </span>
      </div>
      <div
        class="mantine-Grid-col mantine-18kcs1a"
      >
        <span>
          main content
        </span>
      </div>
    </div>
  </div>
</div>
`;
