// Jest Snapshot v1, https://goo.gl/fbAQLP

exports[`ConfirmModal matches snapshot 1`] = `
<div
  aria-hidden="true"
  data-focus-id="mantine-f4bipx4bi"
/>
`;
