// Jest Snapshot v1, https://goo.gl/fbAQLP

exports[`FiltersCheckboxList matches snapshot 1`] = `
<div>
  <div
    class="mantine-Input-wrapper mantine-1v7s5f8"
  >
    <input
      aria-invalid="false"
      class="mantine-Input-input mantine-v2g2mm"
      placeholder="Test"
    />
    <div
      class="mantine-1nmvwx4 mantine-Input-rightSection"
    >
      <svg
        fill="#0b7285"
        height="20"
        values=""
        viewBox="0 0 256 256"
        width="20"
        xmlns="http://www.w3.org/2000/svg"
      >
        <path
          d="M232.49,215.51,185,168a92.12,92.12,0,1,0-17,17l47.53,47.54a12,12,0,0,0,17-17ZM44,112a68,68,0,1,1,68,68A68.07,68.07,0,0,1,44,112Z"
        />
      </svg>
    </div>
  </div>
  <div
    class="mantine-1o8kcxl"
  />
  <div
    class="mantine-Divider-root mantine-Divider-horizontal mantine-1rts92h"
    role="separator"
  />
  <div
    class="mantine-ggbtxo"
  />
  <button
    class="mantine-UnstyledButton-root mantine-Button-root mantine-1t8lq1h"
    data-button="true"
    type="button"
  >
    <div
      class="mantine-1wpc1xj mantine-Button-inner"
    >
      <span
        class="mantine-1ryt1ht mantine-Button-label"
      >
        Test
      </span>
    </div>
  </button>
</div>
`;
