// Jest Snapshot v1, https://goo.gl/fbAQLP

exports[`SearchableCheckboxList matches snapshot 1`] = `
<div>
  <div
    class="mantine-Input-wrapper mantine-1v7s5f8"
  >
    <input
      aria-invalid="false"
      class="mantine-Input-input mantine-v2g2mm"
      placeholder="Test"
    />
    <div
      class="mantine-1nmvwx4 mantine-Input-rightSection"
    >
      <svg
        fill="#0b7285"
        height="20"
        values=""
        viewBox="0 0 256 256"
        width="20"
        xmlns="http://www.w3.org/2000/svg"
      >
        <path
          d="M232.49,215.51,185,168a92.12,92.12,0,1,0-17,17l47.53,47.54a12,12,0,0,0,17-17ZM44,112a68,68,0,1,1,68,68A68.07,68.07,0,0,1,44,112Z"
        />
      </svg>
    </div>
  </div>
  <div
    class="mantine-1o8kcxl"
  >
    <div
      class="mantine-Checkbox-root mantine-lqd391"
    >
      <div
        class="mantine-hqx0d1 mantine-Checkbox-body"
      >
        <div
          class="mantine-1vf457v mantine-Checkbox-inner"
        >
          <input
            class="mantine-1mibt2f mantine-Checkbox-input"
            id="mantine-f4bipx4bi"
            type="checkbox"
          />
          <svg
            class="___ref-icon mantine-q9qwbl mantine-Checkbox-icon"
            fill="none"
            viewBox="0 0 10 7"
            xmlns="http://www.w3.org/2000/svg"
          >
            <path
              clip-rule="evenodd"
              d="M4 4.586L1.707 2.293A1 1 0 1 0 .293 3.707l3 3a.997.997 0 0 0 1.414 0l5-5A1 1 0 1 0 8.293.293L4 4.586z"
              fill="currentColor"
              fill-rule="evenodd"
            />
          </svg>
        </div>
        <div
          class="mantine-g88pth mantine-Checkbox-labelWrapper"
        >
          <label
            class="mantine-14fko7b mantine-Checkbox-label"
            for="mantine-f4bipx4bi"
          >
            Tomato
          </label>
        </div>
      </div>
    </div>
    <div
      class="mantine-Checkbox-root mantine-lqd391"
    >
      <div
        class="mantine-hqx0d1 mantine-Checkbox-body"
      >
        <div
          class="mantine-1vf457v mantine-Checkbox-inner"
        >
          <input
            class="mantine-1mibt2f mantine-Checkbox-input"
            id="mantine-f4bipx4bi"
            type="checkbox"
          />
          <svg
            class="___ref-icon mantine-q9qwbl mantine-Checkbox-icon"
            fill="none"
            viewBox="0 0 10 7"
            xmlns="http://www.w3.org/2000/svg"
          >
            <path
              clip-rule="evenodd"
              d="M4 4.586L1.707 2.293A1 1 0 1 0 .293 3.707l3 3a.997.997 0 0 0 1.414 0l5-5A1 1 0 1 0 8.293.293L4 4.586z"
              fill="currentColor"
              fill-rule="evenodd"
            />
          </svg>
        </div>
        <div
          class="mantine-g88pth mantine-Checkbox-labelWrapper"
        >
          <label
            class="mantine-14fko7b mantine-Checkbox-label"
            for="mantine-f4bipx4bi"
          >
            Banana
          </label>
        </div>
      </div>
    </div>
  </div>
  <div
    class="mantine-Divider-root mantine-Divider-horizontal mantine-1rts92h"
    role="separator"
  />
  <div
    class="mantine-ggbtxo"
  >
    <div
      class="mantine-Checkbox-root mantine-lqd391"
    >
      <div
        class="mantine-hqx0d1 mantine-Checkbox-body"
      >
        <div
          class="mantine-1vf457v mantine-Checkbox-inner"
        >
          <input
            checked=""
            class="mantine-1mibt2f mantine-Checkbox-input"
            id="mantine-f4bipx4bi"
            type="checkbox"
          />
          <svg
            class="___ref-icon mantine-q9qwbl mantine-Checkbox-icon"
            fill="none"
            viewBox="0 0 10 7"
            xmlns="http://www.w3.org/2000/svg"
          >
            <path
              clip-rule="evenodd"
              d="M4 4.586L1.707 2.293A1 1 0 1 0 .293 3.707l3 3a.997.997 0 0 0 1.414 0l5-5A1 1 0 1 0 8.293.293L4 4.586z"
              fill="currentColor"
              fill-rule="evenodd"
            />
          </svg>
        </div>
        <div
          class="mantine-g88pth mantine-Checkbox-labelWrapper"
        >
          <label
            class="mantine-14fko7b mantine-Checkbox-label"
            for="mantine-f4bipx4bi"
          >
            apple
          </label>
        </div>
      </div>
    </div>
    <div
      class="mantine-Checkbox-root mantine-lqd391"
    >
      <div
        class="mantine-hqx0d1 mantine-Checkbox-body"
      >
        <div
          class="mantine-1vf457v mantine-Checkbox-inner"
        >
          <input
            checked=""
            class="mantine-1mibt2f mantine-Checkbox-input"
            id="mantine-f4bipx4bi"
            type="checkbox"
          />
          <svg
            class="___ref-icon mantine-q9qwbl mantine-Checkbox-icon"
            fill="none"
            viewBox="0 0 10 7"
            xmlns="http://www.w3.org/2000/svg"
          >
            <path
              clip-rule="evenodd"
              d="M4 4.586L1.707 2.293A1 1 0 1 0 .293 3.707l3 3a.997.997 0 0 0 1.414 0l5-5A1 1 0 1 0 8.293.293L4 4.586z"
              fill="currentColor"
              fill-rule="evenodd"
            />
          </svg>
        </div>
        <div
          class="mantine-g88pth mantine-Checkbox-labelWrapper"
        >
          <label
            class="mantine-14fko7b mantine-Checkbox-label"
            for="mantine-f4bipx4bi"
          >
            Orange 
          </label>
        </div>
      </div>
    </div>
  </div>
  <button
    class="mantine-UnstyledButton-root mantine-Button-root mantine-1t8lq1h"
    data-button="true"
    type="button"
  >
    <div
      class="mantine-1wpc1xj mantine-Button-inner"
    >
      <span
        class="mantine-1ryt1ht mantine-Button-label"
      >
        Test
      </span>
    </div>
  </button>
</div>
`;
