// Jest Snapshot v1, https://goo.gl/fbAQLP

exports[`DropdownButton matches snapshot 1`] = `
<div>
  <button
    aria-controls="mantine-wbb0yg8iz-dropdown"
    aria-expanded="false"
    aria-haspopup="menu"
    class="mantine-UnstyledButton-root mantine-Button-root mantine-xm61av"
    data-button="true"
    id="mantine-wbb0yg8iz-target"
    type="button"
  >
    <div
      class="mantine-1wpc1xj mantine-Button-inner"
    >
      <span
        class="mantine-1ryt1ht mantine-Button-label"
      >
        label
      </span>
      <span
        class="mantine-Button-icon mantine-Button-rightIcon mantine-467wo8"
      >
        <svg
          fill="currentColor"
          height="1em"
          viewBox="0 0 256 256"
          width="1em"
          xmlns="http://www.w3.org/2000/svg"
        >
          <path
            d="M213.66,101.66l-80,80a8,8,0,0,1-11.32,0l-80-80A8,8,0,0,1,53.66,90.34L128,164.69l74.34-74.35a8,8,0,0,1,11.32,11.32Z"
          />
        </svg>
      </span>
    </div>
  </button>
</div>
`;
