// Jest Snapshot v1, https://goo.gl/fbAQLP

exports[`DocumentCard matches snapshot 1`] = `
<div>
  <div
    class="mantine-1feahhc"
  >
    <div
      class="mantine-Image-root mantine-1hgbf0p"
      style="width: 100%;"
    >
      <figure
        class="mantine-qenwvq mantine-Image-figure"
      >
        <div
          class="mantine-1iugybl mantine-Image-imageWrapper"
        >
          <img
            class="mantine-Image-image mantine-dc8ibh"
            src=""
            style="object-fit: cover; width: 100%; height: auto;"
          />
        </div>
      </figure>
    </div>
    <div>
      <div>
        <div
          class="mantine-mdzvt7"
        >
          <div
            class="mantine-qu0qb1"
          >
            <svg
              fill="#0b7285"
              height="38"
              viewBox="0 0 256 256"
              width="38"
              xmlns="http://www.w3.org/2000/svg"
            >
              <path
                d="M222,152a6,6,0,0,1-6,6H190v20h18a6,6,0,0,1,0,12H190v18a6,6,0,0,1-12,0V152a6,6,0,0,1,6-6h32A6,6,0,0,1,222,152ZM90,172a26,26,0,0,1-26,26H54v10a6,6,0,0,1-12,0V152a6,6,0,0,1,6-6H64A26,26,0,0,1,90,172Zm-12,0a14,14,0,0,0-14-14H54v28H64A14,14,0,0,0,78,172Zm84,8a34,34,0,0,1-34,34H112a6,6,0,0,1-6-6V152a6,6,0,0,1,6-6h16A34,34,0,0,1,162,180Zm-12,0a22,22,0,0,0-22-22H118v44h10A22,22,0,0,0,150,180ZM42,112V40A14,14,0,0,1,56,26h96a6,6,0,0,1,4.25,1.76l56,56A6,6,0,0,1,214,88v24a6,6,0,0,1-12,0V94H152a6,6,0,0,1-6-6V38H56a2,2,0,0,0-2,2v72a6,6,0,0,1-12,0ZM158,82h35.52L158,46.48Z"
              />
            </svg>
          </div>
          <div>
            <div
              class="mantine-dxs7ne"
            >
              <span
                class="mantine-fakv65"
              >
                Random_File.PDF
              </span>
              <span
                class="mantine-xrrpki"
              >
                (Customer &gt; 567890456 &gt; Invoices)
              </span>
            </div>
            <div
              class="mantine-1fna5yi"
            >
              <span>
                Published on December 24, 2023
              </span>
              <span
                class="mantine-mj4lz4"
              >
                -
              </span>
              <span
                class="mantine-l9up18"
              >
                Aline
              </span>
            </div>
          </div>
        </div>
      </div>
      <div
        class="mantine-j5huwo"
      >
        children
      </div>
    </div>
  </div>
</div>
`;
