// Jest Snapshot v1, https://goo.gl/fbAQLP

exports[`SidebarFilterMenu matches snapshot 1`] = `
<div>
  <div />
</div>
`;
