// Jest Snapshot v1, https://goo.gl/fbAQLP

exports[`ThumbnailGrid matches snapshot 1`] = `
<div>
  <div
    class="mantine-1skbp38"
  >
    <div
      class="___ref-actionBar mantine-15edn1r"
    >
      <span>
        1 selected file
      </span>
      <div
        class="mantine-Group-root mantine-1vlub25"
      >
        <button
          class="mantine-UnstyledButton-root mantine-Button-root mantine-1fg4bc4"
          data-button="true"
          type="button"
        >
          <div
            class="mantine-1wpc1xj mantine-Button-inner"
          >
            <span
              class="mantine-Button-icon mantine-Button-leftIcon mantine-1696ey6"
            >
              <svg
                fill="none"
                height="16"
                stroke="currentColor"
                viewBox="0 0 12 12"
                width="16"
                xmlns="http://www.w3.org/2000/svg"
              >
                <path
                  d="M3.58333 10H1.41667C1.30616 10 1.20018 9.95564 1.12204 9.87668C1.0439 9.79771 1 9.69062 1 9.57895V2.42105C1 2.30938 1.0439 2.20229 1.12204 2.12332C1.20018 2.04436 1.30616 2 1.41667 2H4.19271C4.2828 2.00037 4.37041 2.02988 4.44271 2.08421L5.89062 3.17895C5.96292 3.23327 6.05053 3.26278 6.14062 3.26316H10.5833C10.6938 3.26316 10.7998 3.30752 10.878 3.38648C10.9561 3.46544 11 3.57254 11 3.68421V5.36842"
                  stroke-linecap="round"
                  stroke-linejoin="round"
                />
                <path
                  d="M6 9H11"
                  stroke-linecap="round"
                  stroke-linejoin="round"
                />
                <path
                  d="M9 7L11 9L9 11"
                  stroke-linecap="round"
                  stroke-linejoin="round"
                />
              </svg>
            </span>
            <span
              class="mantine-Button-label mantine-1e30p2e"
            >
              Move in tree
            </span>
          </div>
        </button>
        <button
          class="mantine-UnstyledButton-root mantine-Button-root mantine-3a0nxt"
          data-button="true"
          type="button"
        >
          <div
            class="mantine-1wpc1xj mantine-Button-inner"
          >
            <span
              class="mantine-Button-icon mantine-Button-leftIcon mantine-1696ey6"
            >
              <svg
                fill="currentColor"
                height="16"
                viewBox="0 0 256 256"
                width="16"
                xmlns="http://www.w3.org/2000/svg"
              >
                <path
                  d="M216,48H176V40a24,24,0,0,0-24-24H104A24,24,0,0,0,80,40v8H40a8,8,0,0,0,0,16h8V208a16,16,0,0,0,16,16H192a16,16,0,0,0,16-16V64h8a8,8,0,0,0,0-16ZM96,40a8,8,0,0,1,8-8h48a8,8,0,0,1,8,8v8H96Zm96,168H64V64H192ZM112,104v64a8,8,0,0,1-16,0V104a8,8,0,0,1,16,0Zm48,0v64a8,8,0,0,1-16,0V104a8,8,0,0,1,16,0Z"
                />
              </svg>
            </span>
            <span
              class="mantine-Button-label mantine-1e30p2e"
            >
              Delete
            </span>
          </div>
        </button>
      </div>
    </div>
    <div
      class="mantine-SimpleGrid-root mantine-17ynw9a"
    >
      <div
        class="mantine-af86sk"
      >
        <div
          class="mantine-Group-root mantine-p1wipv"
        >
          <div
            class="mantine-1r83wdq"
          >
            <svg
              class="mantine-1qu33rh"
              fill="#0b7285"
              height="22"
              viewBox="0 0 256 256"
              width="22"
              xmlns="http://www.w3.org/2000/svg"
            >
              <path
                d="M200,164v8h12a12,12,0,0,1,0,24H200v12a12,12,0,0,1-24,0V152a12,12,0,0,1,12-12h32a12,12,0,0,1,0,24ZM92,172a32,32,0,0,1-32,32H56v4a12,12,0,0,1-24,0V152a12,12,0,0,1,12-12H60A32,32,0,0,1,92,172Zm-24,0a8,8,0,0,0-8-8H56v16h4A8,8,0,0,0,68,172Zm100,8a40,40,0,0,1-40,40H112a12,12,0,0,1-12-12V152a12,12,0,0,1,12-12h16A40,40,0,0,1,168,180Zm-24,0a16,16,0,0,0-16-16h-4v32h4A16,16,0,0,0,144,180ZM36,108V40A20,20,0,0,1,56,20h96a12,12,0,0,1,8.49,3.52l56,56A12,12,0,0,1,220,88v20a12,12,0,0,1-24,0v-4H148a12,12,0,0,1-12-12V44H60v64a12,12,0,0,1-24,0ZM160,57V80h23Z"
              />
            </svg>
            <h3
              class="mantine-Text-root mantine-1oer4ck"
            >
              Debit_Suivi_PREV
            </h3>
          </div>
          <div>
            <button
              aria-controls="mantine-f4bipx4bi-dropdown"
              aria-expanded="false"
              aria-haspopup="menu"
              class="mantine-UnstyledButton-root mantine-ActionIcon-root mantine-j5kg09"
              id="mantine-f4bipx4bi-target"
              type="button"
            >
              <div>
                <svg
                  class="mantine-pusk2m"
                  fill="currentColor"
                  height="16"
                  viewBox="0 0 256 256"
                  width="16"
                  xmlns="http://www.w3.org/2000/svg"
                >
                  <path
                    d="M112,60a16,16,0,1,1,16,16A16,16,0,0,1,112,60Zm16,52a16,16,0,1,0,16,16A16,16,0,0,0,128,112Zm0,68a16,16,0,1,0,16,16A16,16,0,0,0,128,180Z"
                  />
                </svg>
              </div>
            </button>
          </div>
        </div>
        <div
          class="mantine-Image-root mantine-yxmaw9"
          style="width: 100%;"
        >
          <figure
            class="mantine-qenwvq mantine-Image-figure"
          >
            <div
              class="mantine-1iugybl mantine-Image-imageWrapper"
            >
              <img
                class="mantine-1bi35m7 mantine-Image-image"
                src=""
                style="object-fit: cover; width: 100%; height: auto;"
              />
            </div>
          </figure>
        </div>
      </div>
      <div
        class="mantine-1ygkvb0"
      >
        <div
          class="mantine-Group-root mantine-p1wipv"
        >
          <div
            class="mantine-1r83wdq"
          >
            <svg
              class="mantine-1qu33rh"
              fill="#f1f3f5"
              height="22"
              viewBox="0 0 256 256"
              width="22"
              xmlns="http://www.w3.org/2000/svg"
            >
              <path
                d="M200,164v8h12a12,12,0,0,1,0,24H200v12a12,12,0,0,1-24,0V152a12,12,0,0,1,12-12h32a12,12,0,0,1,0,24ZM92,172a32,32,0,0,1-32,32H56v4a12,12,0,0,1-24,0V152a12,12,0,0,1,12-12H60A32,32,0,0,1,92,172Zm-24,0a8,8,0,0,0-8-8H56v16h4A8,8,0,0,0,68,172Zm100,8a40,40,0,0,1-40,40H112a12,12,0,0,1-12-12V152a12,12,0,0,1,12-12h16A40,40,0,0,1,168,180Zm-24,0a16,16,0,0,0-16-16h-4v32h4A16,16,0,0,0,144,180ZM36,108V40A20,20,0,0,1,56,20h96a12,12,0,0,1,8.49,3.52l56,56A12,12,0,0,1,220,88v20a12,12,0,0,1-24,0v-4H148a12,12,0,0,1-12-12V44H60v64a12,12,0,0,1-24,0ZM160,57V80h23Z"
              />
            </svg>
            <h3
              class="mantine-Text-root mantine-1oer4ck"
            >
              Debit_Suivi_PREV_2
            </h3>
          </div>
          <div>
            <button
              aria-controls="mantine-f4bipx4bi-dropdown"
              aria-expanded="false"
              aria-haspopup="menu"
              class="mantine-UnstyledButton-root mantine-ActionIcon-root mantine-1w8jhtw"
              id="mantine-f4bipx4bi-target"
              type="button"
            >
              <div>
                <svg
                  class="mantine-pusk2m"
                  fill="currentColor"
                  height="16"
                  viewBox="0 0 256 256"
                  width="16"
                  xmlns="http://www.w3.org/2000/svg"
                >
                  <path
                    d="M112,60a16,16,0,1,1,16,16A16,16,0,0,1,112,60Zm16,52a16,16,0,1,0,16,16A16,16,0,0,0,128,112Zm0,68a16,16,0,1,0,16,16A16,16,0,0,0,128,180Z"
                  />
                </svg>
              </div>
            </button>
          </div>
        </div>
        <div
          class="mantine-Image-root mantine-yxmaw9"
          style="width: 100%;"
        >
          <figure
            class="mantine-qenwvq mantine-Image-figure"
          >
            <div
              class="mantine-1iugybl mantine-Image-imageWrapper"
            >
              <img
                class="mantine-1bi35m7 mantine-Image-image"
                src=""
                style="object-fit: cover; width: 100%; height: auto;"
              />
            </div>
          </figure>
        </div>
      </div>
      <div
        class="mantine-af86sk"
      >
        <div
          class="mantine-Group-root mantine-p1wipv"
        >
          <div
            class="mantine-1r83wdq"
          >
            <svg
              class="mantine-1qu33rh"
              fill="#0b7285"
              height="22"
              viewBox="0 0 256 256"
              width="22"
              xmlns="http://www.w3.org/2000/svg"
            >
              <path
                d="M200,164v8h12a12,12,0,0,1,0,24H200v12a12,12,0,0,1-24,0V152a12,12,0,0,1,12-12h32a12,12,0,0,1,0,24ZM92,172a32,32,0,0,1-32,32H56v4a12,12,0,0,1-24,0V152a12,12,0,0,1,12-12H60A32,32,0,0,1,92,172Zm-24,0a8,8,0,0,0-8-8H56v16h4A8,8,0,0,0,68,172Zm100,8a40,40,0,0,1-40,40H112a12,12,0,0,1-12-12V152a12,12,0,0,1,12-12h16A40,40,0,0,1,168,180Zm-24,0a16,16,0,0,0-16-16h-4v32h4A16,16,0,0,0,144,180ZM36,108V40A20,20,0,0,1,56,20h96a12,12,0,0,1,8.49,3.52l56,56A12,12,0,0,1,220,88v20a12,12,0,0,1-24,0v-4H148a12,12,0,0,1-12-12V44H60v64a12,12,0,0,1-24,0ZM160,57V80h23Z"
              />
            </svg>
            <h3
              class="mantine-Text-root mantine-1oer4ck"
            >
              Debit_Suivi_PREV_3
            </h3>
          </div>
          <div>
            <button
              aria-controls="mantine-f4bipx4bi-dropdown"
              aria-expanded="false"
              aria-haspopup="menu"
              class="mantine-UnstyledButton-root mantine-ActionIcon-root mantine-j5kg09"
              id="mantine-f4bipx4bi-target"
              type="button"
            >
              <div>
                <svg
                  class="mantine-pusk2m"
                  fill="currentColor"
                  height="16"
                  viewBox="0 0 256 256"
                  width="16"
                  xmlns="http://www.w3.org/2000/svg"
                >
                  <path
                    d="M112,60a16,16,0,1,1,16,16A16,16,0,0,1,112,60Zm16,52a16,16,0,1,0,16,16A16,16,0,0,0,128,112Zm0,68a16,16,0,1,0,16,16A16,16,0,0,0,128,180Z"
                  />
                </svg>
              </div>
            </button>
          </div>
        </div>
        <div
          class="mantine-Image-root mantine-yxmaw9"
          style="width: 100%;"
        >
          <figure
            class="mantine-qenwvq mantine-Image-figure"
          >
            <div
              class="mantine-1iugybl mantine-Image-imageWrapper"
            >
              <img
                class="mantine-1bi35m7 mantine-Image-image"
                src=""
                style="object-fit: cover; width: 100%; height: auto;"
              />
            </div>
          </figure>
        </div>
      </div>
    </div>
  </div>
</div>
`;
