// Jest Snapshot v1, https://goo.gl/fbAQLP

exports[`DataBadge matches snapshot 1`] = `
<div>
  <style
    data-mantine-styles="true"
  >
    :root{--mantine-cursor-type: pointer;--mantine-color-black: #2e2e2e;--mantine-font-family: var(--rfk-font, Open Sans);--mantine-font-family-headings: var(--rfk-font, Open Sans);--mantine-radius-default: calc(1.5rem * var(--mantine-scale));--mantine-primary-color-filled: var(--mantine-color-cyan-filled);--mantine-primary-color-filled-hover: var(--mantine-color-cyan-filled-hover);--mantine-primary-color-light: var(--mantine-color-cyan-light);--mantine-primary-color-light-hover: var(--mantine-color-cyan-light-hover);--mantine-primary-color-light-color: var(--mantine-color-cyan-light-color);--mantine-font-size-xs: 10px;--mantine-font-size-sm: 12px;--mantine-font-size-md: 14px;--mantine-font-size-lg: 18px;--mantine-font-size-xl: 20px;--mantine-primary-color-0: var(--mantine-color-cyan-0);--mantine-primary-color-1: var(--mantine-color-cyan-1);--mantine-primary-color-2: var(--mantine-color-cyan-2);--mantine-primary-color-3: var(--mantine-color-cyan-3);--mantine-primary-color-4: var(--mantine-color-cyan-4);--mantine-primary-color-5: var(--mantine-color-cyan-5);--mantine-primary-color-6: var(--mantine-color-cyan-6);--mantine-primary-color-7: var(--mantine-color-cyan-7);--mantine-primary-color-8: var(--mantine-color-cyan-8);--mantine-primary-color-9: var(--mantine-color-cyan-9);--mantine-h1-font-size: 26px;--mantine-h1-line-height: 135%;--mantine-h2-font-size: 18px;--mantine-h2-line-height: 155%;--mantine-h3-font-size: 14px;--mantine-h3-line-height: 155%;}:root[data-mantine-color-scheme="dark"]{--mantine-color-anchor: var(--mantine-color-cyan-4);--mantine-color-dark-filled: var(--mantine-color-dark-9);--mantine-color-dark-filled-hover: var(--mantine-color-dark-8);--mantine-color-dark-light: rgba(36, 36, 36, 0.15);--mantine-color-dark-light-hover: rgba(36, 36, 36, 0.2);--mantine-color-dark-light-color: var(--mantine-color-dark-4);--mantine-color-dark-outline: var(--mantine-color-dark-5);--mantine-color-dark-outline-hover: rgba(59, 59, 59, 0.05);--mantine-color-gray-filled: var(--mantine-color-gray-9);--mantine-color-gray-filled-hover: var(--mantine-color-gray-8);--mantine-color-gray-light: rgba(73, 80, 87, 0.15);--mantine-color-gray-light-hover: rgba(73, 80, 87, 0.2);--mantine-color-gray-light-color: var(--mantine-color-gray-4);--mantine-color-gray-outline: var(--mantine-color-gray-5);--mantine-color-gray-outline-hover: rgba(173, 181, 189, 0.05);--mantine-color-red-filled: var(--mantine-color-red-9);--mantine-color-red-filled-hover: var(--mantine-color-red-8);--mantine-color-red-light: rgba(240, 62, 62, 0.15);--mantine-color-red-light-hover: rgba(240, 62, 62, 0.2);--mantine-color-red-light-color: var(--mantine-color-red-4);--mantine-color-red-outline: var(--mantine-color-red-5);--mantine-color-red-outline-hover: rgba(255, 107, 107, 0.05);--mantine-color-pink-filled: var(--mantine-color-pink-9);--mantine-color-pink-filled-hover: var(--mantine-color-pink-8);--mantine-color-pink-light: rgba(214, 51, 108, 0.15);--mantine-color-pink-light-hover: rgba(214, 51, 108, 0.2);--mantine-color-pink-light-color: var(--mantine-color-pink-4);--mantine-color-pink-outline: var(--mantine-color-pink-5);--mantine-color-pink-outline-hover: rgba(240, 101, 149, 0.05);--mantine-color-grape-filled: var(--mantine-color-grape-9);--mantine-color-grape-filled-hover: var(--mantine-color-grape-8);--mantine-color-grape-light: rgba(174, 62, 201, 0.15);--mantine-color-grape-light-hover: rgba(174, 62, 201, 0.2);--mantine-color-grape-light-color: var(--mantine-color-grape-4);--mantine-color-grape-outline: var(--mantine-color-grape-5);--mantine-color-grape-outline-hover: rgba(204, 93, 232, 0.05);--mantine-color-violet-filled: var(--mantine-color-violet-9);--mantine-color-violet-filled-hover: var(--mantine-color-violet-8);--mantine-color-violet-light: rgba(112, 72, 232, 0.15);--mantine-color-violet-light-hover: rgba(112, 72, 232, 0.2);--mantine-color-violet-light-color: var(--mantine-color-violet-4);--mantine-color-violet-outline: var(--mantine-color-violet-5);--mantine-color-violet-outline-hover: rgba(132, 94, 247, 0.05);--mantine-color-indigo-filled: var(--mantine-color-indigo-9);--mantine-color-indigo-filled-hover: var(--mantine-color-indigo-8);--mantine-color-indigo-light: rgba(66, 99, 235, 0.15);--mantine-color-indigo-light-hover: rgba(66, 99, 235, 0.2);--mantine-color-indigo-light-color: var(--mantine-color-indigo-4);--mantine-color-indigo-outline: var(--mantine-color-indigo-5);--mantine-color-indigo-outline-hover: rgba(92, 124, 250, 0.05);--mantine-color-blue-filled: var(--mantine-color-blue-9);--mantine-color-blue-filled-hover: var(--mantine-color-blue-8);--mantine-color-blue-light: rgba(28, 126, 214, 0.15);--mantine-color-blue-light-hover: rgba(28, 126, 214, 0.2);--mantine-color-blue-light-color: var(--mantine-color-blue-4);--mantine-color-blue-outline: var(--mantine-color-blue-5);--mantine-color-blue-outline-hover: rgba(51, 154, 240, 0.05);--mantine-color-cyan-filled: var(--mantine-color-cyan-9);--mantine-color-cyan-filled-hover: var(--mantine-color-cyan-8);--mantine-color-cyan-light: rgba(16, 152, 173, 0.15);--mantine-color-cyan-light-hover: rgba(16, 152, 173, 0.2);--mantine-color-cyan-light-color: var(--mantine-color-cyan-4);--mantine-color-cyan-outline: var(--mantine-color-cyan-5);--mantine-color-cyan-outline-hover: rgba(34, 184, 207, 0.05);--mantine-color-teal-filled: var(--mantine-color-teal-9);--mantine-color-teal-filled-hover: var(--mantine-color-teal-8);--mantine-color-teal-light: rgba(12, 166, 120, 0.15);--mantine-color-teal-light-hover: rgba(12, 166, 120, 0.2);--mantine-color-teal-light-color: var(--mantine-color-teal-4);--mantine-color-teal-outline: var(--mantine-color-teal-5);--mantine-color-teal-outline-hover: rgba(32, 201, 151, 0.05);--mantine-color-green-filled: var(--mantine-color-green-9);--mantine-color-green-filled-hover: var(--mantine-color-green-8);--mantine-color-green-light: rgba(55, 178, 77, 0.15);--mantine-color-green-light-hover: rgba(55, 178, 77, 0.2);--mantine-color-green-light-color: var(--mantine-color-green-4);--mantine-color-green-outline: var(--mantine-color-green-5);--mantine-color-green-outline-hover: rgba(81, 207, 102, 0.05);--mantine-color-lime-filled: var(--mantine-color-lime-9);--mantine-color-lime-filled-hover: var(--mantine-color-lime-8);--mantine-color-lime-light: rgba(116, 184, 22, 0.15);--mantine-color-lime-light-hover: rgba(116, 184, 22, 0.2);--mantine-color-lime-light-color: var(--mantine-color-lime-4);--mantine-color-lime-outline: var(--mantine-color-lime-5);--mantine-color-lime-outline-hover: rgba(148, 216, 45, 0.05);--mantine-color-yellow-filled: var(--mantine-color-yellow-9);--mantine-color-yellow-filled-hover: var(--mantine-color-yellow-8);--mantine-color-yellow-light: rgba(245, 159, 0, 0.15);--mantine-color-yellow-light-hover: rgba(245, 159, 0, 0.2);--mantine-color-yellow-light-color: var(--mantine-color-yellow-4);--mantine-color-yellow-outline: var(--mantine-color-yellow-5);--mantine-color-yellow-outline-hover: rgba(252, 196, 25, 0.05);--mantine-color-orange-filled: var(--mantine-color-orange-9);--mantine-color-orange-filled-hover: var(--mantine-color-orange-8);--mantine-color-orange-light: rgba(247, 103, 7, 0.15);--mantine-color-orange-light-hover: rgba(247, 103, 7, 0.2);--mantine-color-orange-light-color: var(--mantine-color-orange-4);--mantine-color-orange-outline: var(--mantine-color-orange-5);--mantine-color-orange-outline-hover: rgba(255, 146, 43, 0.05);}:root[data-mantine-color-scheme="light"]{--mantine-color-text: #2e2e2e;--mantine-color-anchor: var(--mantine-color-cyan-9);--mantine-color-dark-filled: var(--mantine-color-dark-9);--mantine-color-dark-filled-hover: var(--mantine-color-dark-8);--mantine-color-dark-light: rgba(20, 20, 20, 0.1);--mantine-color-dark-light-hover: rgba(20, 20, 20, 0.12);--mantine-color-dark-light-color: var(--mantine-color-dark-9);--mantine-color-dark-outline: var(--mantine-color-dark-9);--mantine-color-dark-outline-hover: rgba(20, 20, 20, 0.05);--mantine-color-gray-filled: var(--mantine-color-gray-9);--mantine-color-gray-filled-hover: var(--mantine-color-gray-8);--mantine-color-gray-light: rgba(33, 37, 41, 0.1);--mantine-color-gray-light-hover: rgba(33, 37, 41, 0.12);--mantine-color-gray-light-color: var(--mantine-color-gray-9);--mantine-color-gray-outline: var(--mantine-color-gray-9);--mantine-color-gray-outline-hover: rgba(33, 37, 41, 0.05);--mantine-color-red-filled: var(--mantine-color-red-9);--mantine-color-red-filled-hover: var(--mantine-color-red-8);--mantine-color-red-light: rgba(201, 42, 42, 0.1);--mantine-color-red-light-hover: rgba(201, 42, 42, 0.12);--mantine-color-red-light-color: var(--mantine-color-red-9);--mantine-color-red-outline: var(--mantine-color-red-9);--mantine-color-red-outline-hover: rgba(201, 42, 42, 0.05);--mantine-color-pink-filled: var(--mantine-color-pink-9);--mantine-color-pink-filled-hover: var(--mantine-color-pink-8);--mantine-color-pink-light: rgba(166, 30, 77, 0.1);--mantine-color-pink-light-hover: rgba(166, 30, 77, 0.12);--mantine-color-pink-light-color: var(--mantine-color-pink-9);--mantine-color-pink-outline: var(--mantine-color-pink-9);--mantine-color-pink-outline-hover: rgba(166, 30, 77, 0.05);--mantine-color-grape-filled: var(--mantine-color-grape-9);--mantine-color-grape-filled-hover: var(--mantine-color-grape-8);--mantine-color-grape-light: rgba(134, 46, 156, 0.1);--mantine-color-grape-light-hover: rgba(134, 46, 156, 0.12);--mantine-color-grape-light-color: var(--mantine-color-grape-9);--mantine-color-grape-outline: var(--mantine-color-grape-9);--mantine-color-grape-outline-hover: rgba(134, 46, 156, 0.05);--mantine-color-violet-filled: var(--mantine-color-violet-9);--mantine-color-violet-filled-hover: var(--mantine-color-violet-8);--mantine-color-violet-light: rgba(95, 61, 196, 0.1);--mantine-color-violet-light-hover: rgba(95, 61, 196, 0.12);--mantine-color-violet-light-color: var(--mantine-color-violet-9);--mantine-color-violet-outline: var(--mantine-color-violet-9);--mantine-color-violet-outline-hover: rgba(95, 61, 196, 0.05);--mantine-color-indigo-filled: var(--mantine-color-indigo-9);--mantine-color-indigo-filled-hover: var(--mantine-color-indigo-8);--mantine-color-indigo-light: rgba(54, 79, 199, 0.1);--mantine-color-indigo-light-hover: rgba(54, 79, 199, 0.12);--mantine-color-indigo-light-color: var(--mantine-color-indigo-9);--mantine-color-indigo-outline: var(--mantine-color-indigo-9);--mantine-color-indigo-outline-hover: rgba(54, 79, 199, 0.05);--mantine-color-blue-filled: var(--mantine-color-blue-9);--mantine-color-blue-filled-hover: var(--mantine-color-blue-8);--mantine-color-blue-light: rgba(24, 100, 171, 0.1);--mantine-color-blue-light-hover: rgba(24, 100, 171, 0.12);--mantine-color-blue-light-color: var(--mantine-color-blue-9);--mantine-color-blue-outline: var(--mantine-color-blue-9);--mantine-color-blue-outline-hover: rgba(24, 100, 171, 0.05);--mantine-color-cyan-filled: var(--mantine-color-cyan-9);--mantine-color-cyan-filled-hover: var(--mantine-color-cyan-8);--mantine-color-cyan-light: rgba(11, 114, 133, 0.1);--mantine-color-cyan-light-hover: rgba(11, 114, 133, 0.12);--mantine-color-cyan-light-color: var(--mantine-color-cyan-9);--mantine-color-cyan-outline: var(--mantine-color-cyan-9);--mantine-color-cyan-outline-hover: rgba(11, 114, 133, 0.05);--mantine-color-teal-filled: var(--mantine-color-teal-9);--mantine-color-teal-filled-hover: var(--mantine-color-teal-8);--mantine-color-teal-light: rgba(8, 127, 91, 0.1);--mantine-color-teal-light-hover: rgba(8, 127, 91, 0.12);--mantine-color-teal-light-color: var(--mantine-color-teal-9);--mantine-color-teal-outline: var(--mantine-color-teal-9);--mantine-color-teal-outline-hover: rgba(8, 127, 91, 0.05);--mantine-color-green-filled: var(--mantine-color-green-9);--mantine-color-green-filled-hover: var(--mantine-color-green-8);--mantine-color-green-light: rgba(43, 138, 62, 0.1);--mantine-color-green-light-hover: rgba(43, 138, 62, 0.12);--mantine-color-green-light-color: var(--mantine-color-green-9);--mantine-color-green-outline: var(--mantine-color-green-9);--mantine-color-green-outline-hover: rgba(43, 138, 62, 0.05);--mantine-color-lime-filled: var(--mantine-color-lime-9);--mantine-color-lime-filled-hover: var(--mantine-color-lime-8);--mantine-color-lime-light: rgba(92, 148, 13, 0.1);--mantine-color-lime-light-hover: rgba(92, 148, 13, 0.12);--mantine-color-lime-light-color: var(--mantine-color-lime-9);--mantine-color-lime-outline: var(--mantine-color-lime-9);--mantine-color-lime-outline-hover: rgba(92, 148, 13, 0.05);--mantine-color-yellow-filled: var(--mantine-color-yellow-9);--mantine-color-yellow-filled-hover: var(--mantine-color-yellow-8);--mantine-color-yellow-light: rgba(230, 119, 0, 0.1);--mantine-color-yellow-light-hover: rgba(230, 119, 0, 0.12);--mantine-color-yellow-light-color: var(--mantine-color-yellow-9);--mantine-color-yellow-outline: var(--mantine-color-yellow-9);--mantine-color-yellow-outline-hover: rgba(230, 119, 0, 0.05);--mantine-color-orange-filled: var(--mantine-color-orange-9);--mantine-color-orange-filled-hover: var(--mantine-color-orange-8);--mantine-color-orange-light: rgba(217, 72, 15, 0.1);--mantine-color-orange-light-hover: rgba(217, 72, 15, 0.12);--mantine-color-orange-light-color: var(--mantine-color-orange-9);--mantine-color-orange-outline: var(--mantine-color-orange-9);--mantine-color-orange-outline-hover: rgba(217, 72, 15, 0.05);}
  </style>
  <style
    data-mantine-styles="classes"
  >
    @media (max-width: 35.99375em) {.mantine-visible-from-xs {display: none !important;}}@media (min-width: 36em) {.mantine-hidden-from-xs {display: none !important;}}@media (max-width: 47.99375em) {.mantine-visible-from-sm {display: none !important;}}@media (min-width: 48em) {.mantine-hidden-from-sm {display: none !important;}}@media (max-width: 61.99375em) {.mantine-visible-from-md {display: none !important;}}@media (min-width: 62em) {.mantine-hidden-from-md {display: none !important;}}@media (max-width: 74.99375em) {.mantine-visible-from-lg {display: none !important;}}@media (min-width: 75em) {.mantine-hidden-from-lg {display: none !important;}}@media (max-width: 87.99375em) {.mantine-visible-from-xl {display: none !important;}}@media (min-width: 88em) {.mantine-hidden-from-xl {display: none !important;}}
  </style>
  <div
    class="  m_347db0ec mantine-Badge-root"
    data-variant="light"
    style="--badge-bg: rgba(105, 105, 105, 0.1); --badge-color: #696969; --badge-bd: calc(0.0625rem * var(--mantine-scale)) solid transparent; background: transparent;"
  >
    <span
      class="m_5add502a mantine-Badge-label"
    >
      <div>
        <span
          class=" "
        />
        <p
          class=" "
        />
      </div>
    </span>
  </div>
</div>
`;
