// Jest Snapshot v1, https://goo.gl/fbAQLP

exports[`TruncateStringWithEllipsis matches snapshot 1`] = `
<div>
  <div
    style="width: 200px;"
  >
    <h1>
      <span
        class="mantine-1yjvws8"
      >
        Lorem ipsum dolor sit amet, consectetur adipiscing elit, sed do eiusmod tempor incididunt ut labore et dolore magna aliqua
      </span>
    </h1>
    ,
  </div>
</div>
`;
