// Jest Snapshot v1, https://goo.gl/fbAQLP

exports[`ActionBar matches snapshot 1`] = `
<div>
  <div
    class="mantine-15edn1r"
  >
    <span>
      3 selected
    </span>
    <div
      class="mantine-Group-root mantine-19vjl6i"
    >
      <button
        class="mantine-UnstyledButton-root mantine-Button-root mantine-1fg4bc4"
        data-button="true"
        type="button"
      >
        <div
          class="mantine-1wpc1xj mantine-Button-inner"
        >
          <span
            class="mantine-Button-icon mantine-Button-leftIcon mantine-1696ey6"
          >
            <svg
              fill="none"
              height="16"
              stroke="currentColor"
              viewBox="0 0 12 12"
              width="16"
              xmlns="http://www.w3.org/2000/svg"
            >
              <path
                d="M3.58333 10H1.41667C1.30616 10 1.20018 9.95564 1.12204 9.87668C1.0439 9.79771 1 9.69062 1 9.57895V2.42105C1 2.30938 1.0439 2.20229 1.12204 2.12332C1.20018 2.04436 1.30616 2 1.41667 2H4.19271C4.2828 2.00037 4.37041 2.02988 4.44271 2.08421L5.89062 3.17895C5.96292 3.23327 6.05053 3.26278 6.14062 3.26316H10.5833C10.6938 3.26316 10.7998 3.30752 10.878 3.38648C10.9561 3.46544 11 3.57254 11 3.68421V5.36842"
                stroke-linecap="round"
                stroke-linejoin="round"
              />
              <path
                d="M6 9H11"
                stroke-linecap="round"
                stroke-linejoin="round"
              />
              <path
                d="M9 7L11 9L9 11"
                stroke-linecap="round"
                stroke-linejoin="round"
              />
            </svg>
          </span>
          <span
            class="mantine-Button-label mantine-1e30p2e"
          >
            Move in tree
          </span>
        </div>
      </button>
      <div>
        <button
          aria-controls="mantine-f4bipx4bi-dropdown"
          aria-expanded="false"
          aria-haspopup="menu"
          class="mantine-UnstyledButton-root mantine-ActionIcon-root mantine-1x9pd3r"
          id="mantine-f4bipx4bi-target"
          type="button"
        >
          <div>
            <svg
              fill="currentColor"
              height="16"
              viewBox="0 0 256 256"
              width="16"
              xmlns="http://www.w3.org/2000/svg"
            >
              <path
                d="M112,60a16,16,0,1,1,16,16A16,16,0,0,1,112,60Zm16,52a16,16,0,1,0,16,16A16,16,0,0,0,128,112Zm0,68a16,16,0,1,0,16,16A16,16,0,0,0,128,180Z"
              />
            </svg>
          </div>
        </button>
      </div>
    </div>
  </div>
</div>
`;
