// Jest Snapshot v1, https://goo.gl/fbAQLP

exports[`SwitchableView matches snapshot 1`] = `
<div>
  <div
    class="mantine-Paper-root mantine-z9bo1e"
  >
    <div
      class="mantine-v9qkjz"
    >
      <span
        class="mantine-qobh7"
      >
        <div
          class="mantine-SegmentedControl-root mantine-np8w2m"
        >
          <span
            class="mantine-SegmentedControl-indicator mantine-1dj3pci"
          />
          <div
            class="___ref-control mantine-SegmentedControl-control mantine-SegmentedControl-controlActive mantine-92jry0"
          >
            <input
              checked=""
              class="mantine-1qq2b01 mantine-SegmentedControl-input"
              id="mantine-f4bipx4bi-a"
              name="mantine-f4bipx4bi"
              type="radio"
              value="a"
            />
            <label
              class="___ref-label mantine-SegmentedControl-label mantine-1sk7jdh"
              data-active="true"
              for="mantine-f4bipx4bi-a"
            >
              <svg
                fill="currentColor"
                height="1em"
                viewBox="0 0 256 256"
                width="1em"
                xmlns="http://www.w3.org/2000/svg"
              >
                <path
                  d="M80,64a8,8,0,0,1,8-8H216a8,8,0,0,1,0,16H88A8,8,0,0,1,80,64Zm136,56H88a8,8,0,0,0,0,16H216a8,8,0,0,0,0-16Zm0,64H88a8,8,0,0,0,0,16H216a8,8,0,0,0,0-16ZM44,52A12,12,0,1,0,56,64,12,12,0,0,0,44,52Zm0,64a12,12,0,1,0,12,12A12,12,0,0,0,44,116Zm0,64a12,12,0,1,0,12,12A12,12,0,0,0,44,180Z"
                />
              </svg>
            </label>
          </div>
          <div
            class="___ref-control mantine-1ryipl8 mantine-SegmentedControl-control"
          >
            <input
              class="mantine-1qq2b01 mantine-SegmentedControl-input"
              id="mantine-f4bipx4bi-b"
              name="mantine-f4bipx4bi"
              type="radio"
              value="b"
            />
            <label
              class="___ref-label mantine-SegmentedControl-label mantine-1sk7jdh"
              for="mantine-f4bipx4bi-b"
            >
              <svg
                fill="currentColor"
                height="1em"
                viewBox="0 0 256 256"
                width="1em"
                xmlns="http://www.w3.org/2000/svg"
              >
                <path
                  d="M104,40H56A16,16,0,0,0,40,56v48a16,16,0,0,0,16,16h48a16,16,0,0,0,16-16V56A16,16,0,0,0,104,40Zm0,64H56V56h48v48Zm96-64H152a16,16,0,0,0-16,16v48a16,16,0,0,0,16,16h48a16,16,0,0,0,16-16V56A16,16,0,0,0,200,40Zm0,64H152V56h48v48Zm-96,32H56a16,16,0,0,0-16,16v48a16,16,0,0,0,16,16h48a16,16,0,0,0,16-16V152A16,16,0,0,0,104,136Zm0,64H56V152h48v48Zm96-64H152a16,16,0,0,0-16,16v48a16,16,0,0,0,16,16h48a16,16,0,0,0,16-16V152A16,16,0,0,0,200,136Zm0,64H152V152h48v48Z"
                />
              </svg>
            </label>
          </div>
          <div
            class="___ref-control mantine-1ryipl8 mantine-SegmentedControl-control"
          >
            <input
              class="mantine-1qq2b01 mantine-SegmentedControl-input"
              id="mantine-f4bipx4bi-c"
              name="mantine-f4bipx4bi"
              type="radio"
              value="c"
            />
            <label
              class="___ref-label mantine-SegmentedControl-label mantine-1sk7jdh"
              for="mantine-f4bipx4bi-c"
            >
              <svg
                fill="currentColor"
                height="1em"
                viewBox="0 0 256 256"
                width="1em"
                xmlns="http://www.w3.org/2000/svg"
              >
                <path
                  d="M239.2,97.29a16,16,0,0,0-13.81-11L166,81.17,142.72,25.81h0a15.95,15.95,0,0,0-29.44,0L90.07,81.17,30.61,86.32a16,16,0,0,0-9.11,28.06L66.61,153.8,53.09,212.34a16,16,0,0,0,23.84,17.34l51-31,51.11,31a16,16,0,0,0,23.84-17.34l-13.51-58.6,45.1-39.36A16,16,0,0,0,239.2,97.29Zm-15.22,5-45.1,39.36a16,16,0,0,0-5.08,15.71L187.35,216v0l-51.07-31a15.9,15.9,0,0,0-16.54,0l-51,31h0L82.2,157.4a16,16,0,0,0-5.08-15.71L32,102.35a.37.37,0,0,1,0-.09l59.44-5.14a16,16,0,0,0,13.35-9.75L128,32.08l23.2,55.29a16,16,0,0,0,13.35,9.75L224,102.26S224,102.32,224,102.33Z"
                />
              </svg>
            </label>
          </div>
        </div>
      </span>
    </div>
    <div
      class="mantine-l6ko5p"
    >
      <div
        class="mantine-Center-root mantine-ojrz4j"
        style="background-color: lightgray; height: 200px;"
      >
        View A
      </div>
    </div>
  </div>
</div>
`;
