// Jest Snapshot v1, https://goo.gl/fbAQLP

exports[`Filters matches snapshot 1`] = `
<div>
  <div
    class="mantine-i5l1wq"
  >
    <div
      class="mantine-8l18fb"
    >
      <div
        aria-expanded="true"
        class="mantine-UnstyledButton-root mantine-Button-root mantine-1fajwen"
        data-button="true"
        data-testid="root"
        type="button"
      >
        <div
          class="mantine-Button-inner mantine-uf8iid"
        >
          <span
            class="mantine-Button-label mantine-28zsh7"
          >
            <button
              class="mantine-pax7vz"
              data-testid="select"
              type="button"
            >
              <span
                class="mantine-l9up18"
              >
                Active filters
                 (
                0
                )
              </span>
            </button>
          </span>
          <span
            class="mantine-Button-icon mantine-Button-rightIcon mantine-467wo8"
          >
            <button
              class="mantine-UnstyledButton-root mantine-ActionIcon-root mantine-gj6ulq"
              data-testid="toggle"
              type="button"
            >
              <svg
                fill="white"
                height="1em"
                viewBox="0 0 256 256"
                width="1em"
                xmlns="http://www.w3.org/2000/svg"
              >
                <path
                  d="M213.66,165.66a8,8,0,0,1-11.32,0L128,91.31,53.66,165.66a8,8,0,0,1-11.32-11.32l80-80a8,8,0,0,1,11.32,0l80,80A8,8,0,0,1,213.66,165.66Z"
                />
              </svg>
            </button>
          </span>
        </div>
      </div>
      <div
        aria-hidden="false"
        class="mantine-1avyp1d"
        data-testid="content"
        style="box-sizing: border-box;"
      >
        <div
          style="opacity: 1; transition: opacity 200ms ease;"
        >
          <div
            class="mantine-bwi36g"
          />
        </div>
      </div>
    </div>
    <div
      class="mantine-17q7vz3"
    >
      <div
        class="mantine-Group-root mantine-16g550v"
      />
      <div />
    </div>
    <div
      class="mantine-njwlxd"
    >
      <button
        class="mantine-UnstyledButton-root mantine-Button-root mantine-13zc0zg"
        data-button="true"
        type="button"
      >
        <div
          class="mantine-1wpc1xj mantine-Button-inner"
        >
          <span
            class="mantine-1ryt1ht mantine-Button-label"
          >
            Filter
             (
            0
            )
          </span>
        </div>
      </button>
      <button
        class="mantine-UnstyledButton-root mantine-Button-root mantine-1nlhzt"
        data-button="true"
        type="button"
      >
        <div
          class="mantine-1wpc1xj mantine-Button-inner"
        >
          <span
            class="mantine-Button-icon mantine-Button-leftIcon mantine-1jbrfp"
          >
            <svg
              fill="currentColor"
              height="12"
              viewBox="0 0 256 256"
              width="12"
              xmlns="http://www.w3.org/2000/svg"
            >
              <path
                d="M216,48H40a8,8,0,0,0,0,16h8V208a16,16,0,0,0,16,16H192a16,16,0,0,0,16-16V64h8a8,8,0,0,0,0-16ZM192,208H64V64H192ZM80,24a8,8,0,0,1,8-8h80a8,8,0,0,1,0,16H88A8,8,0,0,1,80,24Z"
              />
            </svg>
          </span>
          <span
            class="mantine-1ryt1ht mantine-Button-label"
          >
            Remove all
             (
            0
            )
          </span>
        </div>
      </button>
    </div>
  </div>
</div>
`;
