// Jest Snapshot v1, https://goo.gl/fbAQLP

exports[`Preview matches snapshot 1`] = `
<div>
  <div
    class="mantine-vuwiwp"
  />
</div>
`;
