// Jest Snapshot v1, https://goo.gl/fbAQLP

exports[`DocumentBox matches snapshot 1`] = `
<div>
  <div
    class="___ref-documentBox  mantine-1hsxp14"
  >
    <div
      class=" mantine-Image-root mantine-d3it6h"
      style="width: 100%;"
    >
      <figure
        class="mantine-qenwvq mantine-Image-figure"
      >
        <div
          class="mantine-1iugybl mantine-Image-imageWrapper"
        >
          <img
            class="mantine-Image-image mantine-10vaayr"
            src=""
            style="object-fit: cover; width: 100%; height: auto;"
          />
        </div>
      </figure>
    </div>
    <div>
      <div>
        <div
          class="mantine-14n9mxy"
        >
          <div
            class="___ref-documentBoxIcon mantine-cznryd"
          >
            <svg
              class="mantine-wvylvx"
              fill="#0b7285"
              height="1em"
              viewBox="0 0 256 256"
              width="1em"
              xmlns="http://www.w3.org/2000/svg"
            >
              <path
                d="M222,152a6,6,0,0,1-6,6H190v20h18a6,6,0,0,1,0,12H190v18a6,6,0,0,1-12,0V152a6,6,0,0,1,6-6h32A6,6,0,0,1,222,152ZM90,172a26,26,0,0,1-26,26H54v10a6,6,0,0,1-12,0V152a6,6,0,0,1,6-6H64A26,26,0,0,1,90,172Zm-12,0a14,14,0,0,0-14-14H54v28H64A14,14,0,0,0,78,172Zm84,8a34,34,0,0,1-34,34H112a6,6,0,0,1-6-6V152a6,6,0,0,1,6-6h16A34,34,0,0,1,162,180Zm-12,0a22,22,0,0,0-22-22H118v44h10A22,22,0,0,0,150,180ZM42,112V40A14,14,0,0,1,56,26h96a6,6,0,0,1,4.25,1.76l56,56A6,6,0,0,1,214,88v24a6,6,0,0,1-12,0V94H152a6,6,0,0,1-6-6V38H56a2,2,0,0,0-2,2v72a6,6,0,0,1-12,0ZM158,82h35.52L158,46.48Z"
              />
            </svg>
          </div>
          <div
            class="mantine-1x591ah"
          >
            <div
              class="___ref-documentBoxHeaderTop mantine-hxvu3z"
            >
              <span
                class="mantine-4yvscz"
              >
                Random_File.PDF
              </span>
              <span
                class="mantine-1g71ejr"
              >
                (Customer &gt; 567890456 &gt; Invoices)
              </span>
            </div>
            <div
              class="mantine-11bkg4o"
            >
              <span>
                Published on December 24, 2023
              </span>
              <span
                class="mantine-1g4onuo"
              >
                -
              </span>
              <span
                class="mantine-l9up18"
              >
                Aline
              </span>
            </div>
          </div>
        </div>
      </div>
      <div
        class="mantine-1yhpcgp"
      >
        children
      </div>
      <button
        class="mantine-UnstyledButton-root mantine-Button-root mantine-7bznx3"
        data-button="true"
        type="button"
      >
        <div
          class="mantine-1wpc1xj mantine-Button-inner"
        >
          <span
            class="mantine-1ryt1ht mantine-Button-label"
          >
            Display preview
          </span>
          <span
            class="mantine-Button-icon mantine-Button-rightIcon mantine-467wo8"
          >
            <svg
              fill="currentColor"
              height="1em"
              viewBox="0 0 256 256"
              width="1em"
              xmlns="http://www.w3.org/2000/svg"
            >
              <path
                d="M213.66,101.66l-80,80a8,8,0,0,1-11.32,0l-80-80A8,8,0,0,1,53.66,90.34L128,164.69l74.34-74.35a8,8,0,0,1,11.32,11.32Z"
              />
            </svg>
          </span>
        </div>
      </button>
    </div>
  </div>
</div>
`;
