// Jest Snapshot v1, https://goo.gl/fbAQLP

exports[`BitConverter matches snapshot 1`] = `
<div>
  12,1 MB
</div>
`;
