// Jest Snapshot v1, https://goo.gl/fbAQLP

exports[`Header matches snapshot 1`] = `
<div>
  <li
    class="mantine-4apa4p false false false false false"
    style="--spacing: 0px;"
  >
    <div
      class="___ref-menuItem mantine-14jelia"
      style="transition: transform 200ms ease;"
    >
      <button
        aria-describedby="DndDescribedBy-0"
        aria-disabled="false"
        aria-roledescription="sortable"
        class="mantine-l2dd5n undefined"
        data-cypress="draggable-handle"
        role="button"
        style="cursor: grab;"
        tabindex="0"
        type="button"
      >
        <svg
          viewBox="0 0 20 20"
          width="12"
        >
          <path
            d="M7 2a2 2 0 1 0 .001 4.001A2 2 0 0 0 7 2zm0 6a2 2 0 1 0 .001 4.001A2 2 0 0 0 7 8zm0 6a2 2 0 1 0 .001 4.001A2 2 0 0 0 7 14zm6-8a2 2 0 1 0-.001-4.001A2 2 0 0 0 13 6zm0 2a2 2 0 1 0 .001 4.001A2 2 0 0 0 13 8zm0 6a2 2 0 1 0 .001 4.001A2 2 0 0 0 13 14z"
          />
        </svg>
      </button>
      <span
        class="___ref-text mantine-1gz97c"
      >
        Home
      </span>
    </div>
  </li>
  <li
    class="mantine-4apa4p false false false false false"
    style="--spacing: 50px;"
  >
    <div
      class="___ref-menuItem mantine-14jelia"
      style="transition: transform 200ms ease;"
    >
      <button
        aria-describedby="DndDescribedBy-0"
        aria-disabled="false"
        aria-roledescription="sortable"
        class="mantine-l2dd5n undefined"
        data-cypress="draggable-handle"
        role="button"
        style="cursor: grab;"
        tabindex="0"
        type="button"
      >
        <svg
          viewBox="0 0 20 20"
          width="12"
        >
          <path
            d="M7 2a2 2 0 1 0 .001 4.001A2 2 0 0 0 7 2zm0 6a2 2 0 1 0 .001 4.001A2 2 0 0 0 7 8zm0 6a2 2 0 1 0 .001 4.001A2 2 0 0 0 7 14zm6-8a2 2 0 1 0-.001-4.001A2 2 0 0 0 13 6zm0 2a2 2 0 1 0 .001 4.001A2 2 0 0 0 13 8zm0 6a2 2 0 1 0 .001 4.001A2 2 0 0 0 13 14z"
          />
        </svg>
      </button>
      <span
        class="___ref-text mantine-1gz97c"
      >
        Home
      </span>
    </div>
  </li>
  <li
    class="mantine-4apa4p false false false false false"
    style="--spacing: 0px;"
  >
    <div
      class="___ref-menuItem mantine-14jelia"
      style="transition: transform 200ms ease;"
    >
      <button
        aria-describedby="DndDescribedBy-0"
        aria-disabled="false"
        aria-roledescription="sortable"
        class="mantine-l2dd5n undefined"
        data-cypress="draggable-handle"
        role="button"
        style="cursor: grab;"
        tabindex="0"
        type="button"
      >
        <svg
          viewBox="0 0 20 20"
          width="12"
        >
          <path
            d="M7 2a2 2 0 1 0 .001 4.001A2 2 0 0 0 7 2zm0 6a2 2 0 1 0 .001 4.001A2 2 0 0 0 7 8zm0 6a2 2 0 1 0 .001 4.001A2 2 0 0 0 7 14zm6-8a2 2 0 1 0-.001-4.001A2 2 0 0 0 13 6zm0 2a2 2 0 1 0 .001 4.001A2 2 0 0 0 13 8zm0 6a2 2 0 1 0 .001 4.001A2 2 0 0 0 13 14z"
          />
        </svg>
      </button>
      <span
        class="___ref-text mantine-1gz97c"
      >
        Security
      </span>
    </div>
  </li>
  <li
    class="mantine-4apa4p false false false false false"
    style="--spacing: 50px;"
  >
    <div
      class="___ref-menuItem mantine-14jelia"
      style="transition: transform 200ms ease;"
    >
      <button
        aria-describedby="DndDescribedBy-0"
        aria-disabled="false"
        aria-roledescription="sortable"
        class="mantine-l2dd5n undefined"
        data-cypress="draggable-handle"
        role="button"
        style="cursor: grab;"
        tabindex="0"
        type="button"
      >
        <svg
          viewBox="0 0 20 20"
          width="12"
        >
          <path
            d="M7 2a2 2 0 1 0 .001 4.001A2 2 0 0 0 7 2zm0 6a2 2 0 1 0 .001 4.001A2 2 0 0 0 7 8zm0 6a2 2 0 1 0 .001 4.001A2 2 0 0 0 7 14zm6-8a2 2 0 1 0-.001-4.001A2 2 0 0 0 13 6zm0 2a2 2 0 1 0 .001 4.001A2 2 0 0 0 13 8zm0 6a2 2 0 1 0 .001 4.001A2 2 0 0 0 13 14z"
          />
        </svg>
      </button>
      <span
        class="___ref-text mantine-1gz97c"
      >
        Security
      </span>
    </div>
  </li>
  <li
    class="mantine-4apa4p false false false false false"
    style="--spacing: 0px;"
  >
    <div
      class="___ref-menuItem mantine-14jelia"
      style="transition: transform 200ms ease;"
    >
      <button
        aria-describedby="DndDescribedBy-0"
        aria-disabled="false"
        aria-roledescription="sortable"
        class="mantine-l2dd5n undefined"
        data-cypress="draggable-handle"
        role="button"
        style="cursor: grab;"
        tabindex="0"
        type="button"
      >
        <svg
          viewBox="0 0 20 20"
          width="12"
        >
          <path
            d="M7 2a2 2 0 1 0 .001 4.001A2 2 0 0 0 7 2zm0 6a2 2 0 1 0 .001 4.001A2 2 0 0 0 7 8zm0 6a2 2 0 1 0 .001 4.001A2 2 0 0 0 7 14zm6-8a2 2 0 1 0-.001-4.001A2 2 0 0 0 13 6zm0 2a2 2 0 1 0 .001 4.001A2 2 0 0 0 13 8zm0 6a2 2 0 1 0 .001 4.001A2 2 0 0 0 13 14z"
          />
        </svg>
      </button>
      <span
        class="___ref-text mantine-1gz97c"
      >
        Dashboard
      </span>
    </div>
  </li>
  <li
    class="mantine-4apa4p false false false false false"
    style="--spacing: 50px;"
  >
    <div
      class="___ref-menuItem mantine-14jelia"
      style="transition: transform 200ms ease;"
    >
      <button
        aria-describedby="DndDescribedBy-0"
        aria-disabled="false"
        aria-roledescription="sortable"
        class="mantine-l2dd5n undefined"
        data-cypress="draggable-handle"
        role="button"
        style="cursor: grab;"
        tabindex="0"
        type="button"
      >
        <svg
          viewBox="0 0 20 20"
          width="12"
        >
          <path
            d="M7 2a2 2 0 1 0 .001 4.001A2 2 0 0 0 7 2zm0 6a2 2 0 1 0 .001 4.001A2 2 0 0 0 7 8zm0 6a2 2 0 1 0 .001 4.001A2 2 0 0 0 7 14zm6-8a2 2 0 1 0-.001-4.001A2 2 0 0 0 13 6zm0 2a2 2 0 1 0 .001 4.001A2 2 0 0 0 13 8zm0 6a2 2 0 1 0 .001 4.001A2 2 0 0 0 13 14z"
          />
        </svg>
      </button>
      <span
        class="___ref-text mantine-1gz97c"
      >
        Release
      </span>
    </div>
  </li>
  <li
    class="mantine-4apa4p false false false false false"
    style="--spacing: 50px;"
  >
    <div
      class="___ref-menuItem mantine-14jelia"
      style="transition: transform 200ms ease;"
    >
      <button
        aria-describedby="DndDescribedBy-0"
        aria-disabled="false"
        aria-roledescription="sortable"
        class="mantine-l2dd5n undefined"
        data-cypress="draggable-handle"
        role="button"
        style="cursor: grab;"
        tabindex="0"
        type="button"
      >
        <svg
          viewBox="0 0 20 20"
          width="12"
        >
          <path
            d="M7 2a2 2 0 1 0 .001 4.001A2 2 0 0 0 7 2zm0 6a2 2 0 1 0 .001 4.001A2 2 0 0 0 7 8zm0 6a2 2 0 1 0 .001 4.001A2 2 0 0 0 7 14zm6-8a2 2 0 1 0-.001-4.001A2 2 0 0 0 13 6zm0 2a2 2 0 1 0 .001 4.001A2 2 0 0 0 13 8zm0 6a2 2 0 1 0 .001 4.001A2 2 0 0 0 13 14z"
          />
        </svg>
      </button>
      <span
        class="___ref-text mantine-1gz97c"
      >
        Account
      </span>
    </div>
  </li>
  <li
    class="mantine-4apa4p false false false false false"
    style="--spacing: 100px;"
  >
    <div
      class="___ref-menuItem mantine-14jelia"
      style="transition: transform 200ms ease;"
    >
      <button
        aria-describedby="DndDescribedBy-0"
        aria-disabled="false"
        aria-roledescription="sortable"
        class="mantine-l2dd5n undefined"
        data-cypress="draggable-handle"
        role="button"
        style="cursor: grab;"
        tabindex="0"
        type="button"
      >
        <svg
          viewBox="0 0 20 20"
          width="12"
        >
          <path
            d="M7 2a2 2 0 1 0 .001 4.001A2 2 0 0 0 7 2zm0 6a2 2 0 1 0 .001 4.001A2 2 0 0 0 7 8zm0 6a2 2 0 1 0 .001 4.001A2 2 0 0 0 7 14zm6-8a2 2 0 1 0-.001-4.001A2 2 0 0 0 13 6zm0 2a2 2 0 1 0 .001 4.001A2 2 0 0 0 13 8zm0 6a2 2 0 1 0 .001 4.001A2 2 0 0 0 13 14z"
          />
        </svg>
      </button>
      <span
        class="___ref-text mantine-1gz97c"
      >
        Account
      </span>
    </div>
  </li>
  <li
    class="mantine-4apa4p false false false false false"
    style="--spacing: 50px;"
  >
    <div
      class="___ref-menuItem mantine-14jelia"
      style="transition: transform 200ms ease;"
    >
      <button
        aria-describedby="DndDescribedBy-0"
        aria-disabled="false"
        aria-roledescription="sortable"
        class="mantine-l2dd5n undefined"
        data-cypress="draggable-handle"
        role="button"
        style="cursor: grab;"
        tabindex="0"
        type="button"
      >
        <svg
          viewBox="0 0 20 20"
          width="12"
        >
          <path
            d="M7 2a2 2 0 1 0 .001 4.001A2 2 0 0 0 7 2zm0 6a2 2 0 1 0 .001 4.001A2 2 0 0 0 7 8zm0 6a2 2 0 1 0 .001 4.001A2 2 0 0 0 7 14zm6-8a2 2 0 1 0-.001-4.001A2 2 0 0 0 13 6zm0 2a2 2 0 1 0 .001 4.001A2 2 0 0 0 13 8zm0 6a2 2 0 1 0 .001 4.001A2 2 0 0 0 13 14z"
          />
        </svg>
      </button>
      <span
        class="___ref-text mantine-1gz97c"
      >
        Upcoming release
      </span>
    </div>
  </li>
  <li
    class="mantine-4apa4p false false false false false"
    style="--spacing: 0px;"
  >
    <div
      class="___ref-menuItem mantine-14jelia"
      style="transition: transform 200ms ease;"
    >
      <button
        aria-describedby="DndDescribedBy-0"
        aria-disabled="false"
        aria-roledescription="sortable"
        class="mantine-l2dd5n undefined"
        data-cypress="draggable-handle"
        role="button"
        style="cursor: grab;"
        tabindex="0"
        type="button"
      >
        <svg
          viewBox="0 0 20 20"
          width="12"
        >
          <path
            d="M7 2a2 2 0 1 0 .001 4.001A2 2 0 0 0 7 2zm0 6a2 2 0 1 0 .001 4.001A2 2 0 0 0 7 8zm0 6a2 2 0 1 0 .001 4.001A2 2 0 0 0 7 14zm6-8a2 2 0 1 0-.001-4.001A2 2 0 0 0 13 6zm0 2a2 2 0 1 0 .001 4.001A2 2 0 0 0 13 8zm0 6a2 2 0 1 0 .001 4.001A2 2 0 0 0 13 14z"
          />
        </svg>
      </button>
      <span
        class="___ref-text mantine-1gz97c"
      >
        Open Issues
      </span>
    </div>
  </li>
  <li
    class="mantine-4apa4p false false false false false"
    style="--spacing: 0px;"
  >
    <div
      class="___ref-menuItem mantine-14jelia"
      style="transition: transform 200ms ease;"
    >
      <button
        aria-describedby="DndDescribedBy-0"
        aria-disabled="false"
        aria-roledescription="sortable"
        class="mantine-l2dd5n undefined"
        data-cypress="draggable-handle"
        role="button"
        style="cursor: grab;"
        tabindex="0"
        type="button"
      >
        <svg
          viewBox="0 0 20 20"
          width="12"
        >
          <path
            d="M7 2a2 2 0 1 0 .001 4.001A2 2 0 0 0 7 2zm0 6a2 2 0 1 0 .001 4.001A2 2 0 0 0 7 8zm0 6a2 2 0 1 0 .001 4.001A2 2 0 0 0 7 14zm6-8a2 2 0 1 0-.001-4.001A2 2 0 0 0 13 6zm0 2a2 2 0 1 0 .001 4.001A2 2 0 0 0 13 8zm0 6a2 2 0 1 0 .001 4.001A2 2 0 0 0 13 14z"
          />
        </svg>
      </button>
      <span
        class="___ref-text mantine-1gz97c"
      >
        Pull Requests
      </span>
    </div>
  </li>
  <li
    class="mantine-4apa4p false false false false false"
    style="--spacing: 50px;"
  >
    <div
      class="___ref-menuItem mantine-14jelia"
      style="transition: transform 200ms ease;"
    >
      <button
        aria-describedby="DndDescribedBy-0"
        aria-disabled="false"
        aria-roledescription="sortable"
        class="mantine-l2dd5n undefined"
        data-cypress="draggable-handle"
        role="button"
        style="cursor: grab;"
        tabindex="0"
        type="button"
      >
        <svg
          viewBox="0 0 20 20"
          width="12"
        >
          <path
            d="M7 2a2 2 0 1 0 .001 4.001A2 2 0 0 0 7 2zm0 6a2 2 0 1 0 .001 4.001A2 2 0 0 0 7 8zm0 6a2 2 0 1 0 .001 4.001A2 2 0 0 0 7 14zm6-8a2 2 0 1 0-.001-4.001A2 2 0 0 0 13 6zm0 2a2 2 0 1 0 .001 4.001A2 2 0 0 0 13 8zm0 6a2 2 0 1 0 .001 4.001A2 2 0 0 0 13 14z"
          />
        </svg>
      </button>
      <span
        class="___ref-text mantine-1gz97c"
      >
        Dashboard
      </span>
    </div>
  </li>
  <li
    class="mantine-4apa4p false false false false false"
    style="--spacing: 100px;"
  >
    <div
      class="___ref-menuItem mantine-14jelia"
      style="transition: transform 200ms ease;"
    >
      <button
        aria-describedby="DndDescribedBy-0"
        aria-disabled="false"
        aria-roledescription="sortable"
        class="mantine-l2dd5n undefined"
        data-cypress="draggable-handle"
        role="button"
        style="cursor: grab;"
        tabindex="0"
        type="button"
      >
        <svg
          viewBox="0 0 20 20"
          width="12"
        >
          <path
            d="M7 2a2 2 0 1 0 .001 4.001A2 2 0 0 0 7 2zm0 6a2 2 0 1 0 .001 4.001A2 2 0 0 0 7 8zm0 6a2 2 0 1 0 .001 4.001A2 2 0 0 0 7 14zm6-8a2 2 0 1 0-.001-4.001A2 2 0 0 0 13 6zm0 2a2 2 0 1 0 .001 4.001A2 2 0 0 0 13 8zm0 6a2 2 0 1 0 .001 4.001A2 2 0 0 0 13 14z"
          />
        </svg>
      </button>
      <span
        class="___ref-text mantine-1gz97c"
      >
        Wiki pages
      </span>
    </div>
  </li>
  <li
    class="mantine-4apa4p false false false false false"
    style="--spacing: 100px;"
  >
    <div
      class="___ref-menuItem mantine-14jelia"
      style="transition: transform 200ms ease;"
    >
      <button
        aria-describedby="DndDescribedBy-0"
        aria-disabled="false"
        aria-roledescription="sortable"
        class="mantine-l2dd5n undefined"
        data-cypress="draggable-handle"
        role="button"
        style="cursor: grab;"
        tabindex="0"
        type="button"
      >
        <svg
          viewBox="0 0 20 20"
          width="12"
        >
          <path
            d="M7 2a2 2 0 1 0 .001 4.001A2 2 0 0 0 7 2zm0 6a2 2 0 1 0 .001 4.001A2 2 0 0 0 7 8zm0 6a2 2 0 1 0 .001 4.001A2 2 0 0 0 7 14zm6-8a2 2 0 1 0-.001-4.001A2 2 0 0 0 13 6zm0 2a2 2 0 1 0 .001 4.001A2 2 0 0 0 13 8zm0 6a2 2 0 1 0 .001 4.001A2 2 0 0 0 13 14z"
          />
        </svg>
      </button>
      <span
        class="___ref-text mantine-1gz97c"
      >
        Settings
      </span>
    </div>
  </li>
  <li
    class="mantine-4apa4p false false false false false"
    style="--spacing: 50px;"
  >
    <div
      class="___ref-menuItem mantine-14jelia"
      style="transition: transform 200ms ease;"
    >
      <button
        aria-describedby="DndDescribedBy-0"
        aria-disabled="false"
        aria-roledescription="sortable"
        class="mantine-l2dd5n undefined"
        data-cypress="draggable-handle"
        role="button"
        style="cursor: grab;"
        tabindex="0"
        type="button"
      >
        <svg
          viewBox="0 0 20 20"
          width="12"
        >
          <path
            d="M7 2a2 2 0 1 0 .001 4.001A2 2 0 0 0 7 2zm0 6a2 2 0 1 0 .001 4.001A2 2 0 0 0 7 8zm0 6a2 2 0 1 0 .001 4.001A2 2 0 0 0 7 14zm6-8a2 2 0 1 0-.001-4.001A2 2 0 0 0 13 6zm0 2a2 2 0 1 0 .001 4.001A2 2 0 0 0 13 8zm0 6a2 2 0 1 0 .001 4.001A2 2 0 0 0 13 14z"
          />
        </svg>
      </button>
      <span
        class="___ref-text mantine-1gz97c"
      >
        Home
      </span>
    </div>
  </li>
  <div
    id="DndDescribedBy-0"
    style="display: none;"
  >
    
    To pick up a draggable item, press the space bar.
    While dragging, use the arrow keys to move the item.
    Press space again to drop the item in its new position, or press escape to cancel.
  
  </div>
  <div
    aria-atomic="true"
    aria-live="assertive"
    id="DndLiveRegion-0"
    role="status"
    style="position: fixed; width: 1px; height: 1px; margin: -1px; border: 0px; padding: 0px; overflow: hidden; clip-path: inset(100%); white-space: nowrap;"
  />
</div>
`;

exports[`SortableSidebarMenu matches snapshot 1`] = `
<div>
  <li
    class="mantine-4apa4p false false false false false"
    style="--spacing: 0px;"
  >
    <div
      class="___ref-menuItem mantine-14jelia"
      style="transition: transform 200ms ease;"
    >
      <button
        aria-describedby="DndDescribedBy-0"
        aria-disabled="false"
        aria-roledescription="sortable"
        class="mantine-l2dd5n undefined"
        data-cypress="draggable-handle"
        role="button"
        style="cursor: grab;"
        tabindex="0"
        type="button"
      >
        <svg
          viewBox="0 0 20 20"
          width="12"
        >
          <path
            d="M7 2a2 2 0 1 0 .001 4.001A2 2 0 0 0 7 2zm0 6a2 2 0 1 0 .001 4.001A2 2 0 0 0 7 8zm0 6a2 2 0 1 0 .001 4.001A2 2 0 0 0 7 14zm6-8a2 2 0 1 0-.001-4.001A2 2 0 0 0 13 6zm0 2a2 2 0 1 0 .001 4.001A2 2 0 0 0 13 8zm0 6a2 2 0 1 0 .001 4.001A2 2 0 0 0 13 14z"
          />
        </svg>
      </button>
      <span
        class="___ref-text mantine-1gz97c"
      >
        Home
      </span>
    </div>
  </li>
  <li
    class="mantine-4apa4p false false false false false"
    style="--spacing: 50px;"
  >
    <div
      class="___ref-menuItem mantine-14jelia"
      style="transition: transform 200ms ease;"
    >
      <button
        aria-describedby="DndDescribedBy-0"
        aria-disabled="false"
        aria-roledescription="sortable"
        class="mantine-l2dd5n undefined"
        data-cypress="draggable-handle"
        role="button"
        style="cursor: grab;"
        tabindex="0"
        type="button"
      >
        <svg
          viewBox="0 0 20 20"
          width="12"
        >
          <path
            d="M7 2a2 2 0 1 0 .001 4.001A2 2 0 0 0 7 2zm0 6a2 2 0 1 0 .001 4.001A2 2 0 0 0 7 8zm0 6a2 2 0 1 0 .001 4.001A2 2 0 0 0 7 14zm6-8a2 2 0 1 0-.001-4.001A2 2 0 0 0 13 6zm0 2a2 2 0 1 0 .001 4.001A2 2 0 0 0 13 8zm0 6a2 2 0 1 0 .001 4.001A2 2 0 0 0 13 14z"
          />
        </svg>
      </button>
      <span
        class="___ref-text mantine-1gz97c"
      >
        Home
      </span>
    </div>
  </li>
  <li
    class="mantine-4apa4p false false false false false"
    style="--spacing: 0px;"
  >
    <div
      class="___ref-menuItem mantine-14jelia"
      style="transition: transform 200ms ease;"
    >
      <button
        aria-describedby="DndDescribedBy-0"
        aria-disabled="false"
        aria-roledescription="sortable"
        class="mantine-l2dd5n undefined"
        data-cypress="draggable-handle"
        role="button"
        style="cursor: grab;"
        tabindex="0"
        type="button"
      >
        <svg
          viewBox="0 0 20 20"
          width="12"
        >
          <path
            d="M7 2a2 2 0 1 0 .001 4.001A2 2 0 0 0 7 2zm0 6a2 2 0 1 0 .001 4.001A2 2 0 0 0 7 8zm0 6a2 2 0 1 0 .001 4.001A2 2 0 0 0 7 14zm6-8a2 2 0 1 0-.001-4.001A2 2 0 0 0 13 6zm0 2a2 2 0 1 0 .001 4.001A2 2 0 0 0 13 8zm0 6a2 2 0 1 0 .001 4.001A2 2 0 0 0 13 14z"
          />
        </svg>
      </button>
      <span
        class="___ref-text mantine-1gz97c"
      >
        Security
      </span>
    </div>
  </li>
  <li
    class="mantine-4apa4p false false false false false"
    style="--spacing: 50px;"
  >
    <div
      class="___ref-menuItem mantine-14jelia"
      style="transition: transform 200ms ease;"
    >
      <button
        aria-describedby="DndDescribedBy-0"
        aria-disabled="false"
        aria-roledescription="sortable"
        class="mantine-l2dd5n undefined"
        data-cypress="draggable-handle"
        role="button"
        style="cursor: grab;"
        tabindex="0"
        type="button"
      >
        <svg
          viewBox="0 0 20 20"
          width="12"
        >
          <path
            d="M7 2a2 2 0 1 0 .001 4.001A2 2 0 0 0 7 2zm0 6a2 2 0 1 0 .001 4.001A2 2 0 0 0 7 8zm0 6a2 2 0 1 0 .001 4.001A2 2 0 0 0 7 14zm6-8a2 2 0 1 0-.001-4.001A2 2 0 0 0 13 6zm0 2a2 2 0 1 0 .001 4.001A2 2 0 0 0 13 8zm0 6a2 2 0 1 0 .001 4.001A2 2 0 0 0 13 14z"
          />
        </svg>
      </button>
      <span
        class="___ref-text mantine-1gz97c"
      >
        Security
      </span>
    </div>
  </li>
  <li
    class="mantine-4apa4p false false false false false"
    style="--spacing: 0px;"
  >
    <div
      class="___ref-menuItem mantine-14jelia"
      style="transition: transform 200ms ease;"
    >
      <button
        aria-describedby="DndDescribedBy-0"
        aria-disabled="false"
        aria-roledescription="sortable"
        class="mantine-l2dd5n undefined"
        data-cypress="draggable-handle"
        role="button"
        style="cursor: grab;"
        tabindex="0"
        type="button"
      >
        <svg
          viewBox="0 0 20 20"
          width="12"
        >
          <path
            d="M7 2a2 2 0 1 0 .001 4.001A2 2 0 0 0 7 2zm0 6a2 2 0 1 0 .001 4.001A2 2 0 0 0 7 8zm0 6a2 2 0 1 0 .001 4.001A2 2 0 0 0 7 14zm6-8a2 2 0 1 0-.001-4.001A2 2 0 0 0 13 6zm0 2a2 2 0 1 0 .001 4.001A2 2 0 0 0 13 8zm0 6a2 2 0 1 0 .001 4.001A2 2 0 0 0 13 14z"
          />
        </svg>
      </button>
      <span
        class="___ref-text mantine-1gz97c"
      >
        Dashboard
      </span>
    </div>
  </li>
  <li
    class="mantine-4apa4p false false false false false"
    style="--spacing: 50px;"
  >
    <div
      class="___ref-menuItem mantine-14jelia"
      style="transition: transform 200ms ease;"
    >
      <button
        aria-describedby="DndDescribedBy-0"
        aria-disabled="false"
        aria-roledescription="sortable"
        class="mantine-l2dd5n undefined"
        data-cypress="draggable-handle"
        role="button"
        style="cursor: grab;"
        tabindex="0"
        type="button"
      >
        <svg
          viewBox="0 0 20 20"
          width="12"
        >
          <path
            d="M7 2a2 2 0 1 0 .001 4.001A2 2 0 0 0 7 2zm0 6a2 2 0 1 0 .001 4.001A2 2 0 0 0 7 8zm0 6a2 2 0 1 0 .001 4.001A2 2 0 0 0 7 14zm6-8a2 2 0 1 0-.001-4.001A2 2 0 0 0 13 6zm0 2a2 2 0 1 0 .001 4.001A2 2 0 0 0 13 8zm0 6a2 2 0 1 0 .001 4.001A2 2 0 0 0 13 14z"
          />
        </svg>
      </button>
      <span
        class="___ref-text mantine-1gz97c"
      >
        Release
      </span>
    </div>
  </li>
  <li
    class="mantine-4apa4p false false false false false"
    style="--spacing: 50px;"
  >
    <div
      class="___ref-menuItem mantine-14jelia"
      style="transition: transform 200ms ease;"
    >
      <button
        aria-describedby="DndDescribedBy-0"
        aria-disabled="false"
        aria-roledescription="sortable"
        class="mantine-l2dd5n undefined"
        data-cypress="draggable-handle"
        role="button"
        style="cursor: grab;"
        tabindex="0"
        type="button"
      >
        <svg
          viewBox="0 0 20 20"
          width="12"
        >
          <path
            d="M7 2a2 2 0 1 0 .001 4.001A2 2 0 0 0 7 2zm0 6a2 2 0 1 0 .001 4.001A2 2 0 0 0 7 8zm0 6a2 2 0 1 0 .001 4.001A2 2 0 0 0 7 14zm6-8a2 2 0 1 0-.001-4.001A2 2 0 0 0 13 6zm0 2a2 2 0 1 0 .001 4.001A2 2 0 0 0 13 8zm0 6a2 2 0 1 0 .001 4.001A2 2 0 0 0 13 14z"
          />
        </svg>
      </button>
      <span
        class="___ref-text mantine-1gz97c"
      >
        Account
      </span>
    </div>
  </li>
  <li
    class="mantine-4apa4p false false false false false"
    style="--spacing: 100px;"
  >
    <div
      class="___ref-menuItem mantine-14jelia"
      style="transition: transform 200ms ease;"
    >
      <button
        aria-describedby="DndDescribedBy-0"
        aria-disabled="false"
        aria-roledescription="sortable"
        class="mantine-l2dd5n undefined"
        data-cypress="draggable-handle"
        role="button"
        style="cursor: grab;"
        tabindex="0"
        type="button"
      >
        <svg
          viewBox="0 0 20 20"
          width="12"
        >
          <path
            d="M7 2a2 2 0 1 0 .001 4.001A2 2 0 0 0 7 2zm0 6a2 2 0 1 0 .001 4.001A2 2 0 0 0 7 8zm0 6a2 2 0 1 0 .001 4.001A2 2 0 0 0 7 14zm6-8a2 2 0 1 0-.001-4.001A2 2 0 0 0 13 6zm0 2a2 2 0 1 0 .001 4.001A2 2 0 0 0 13 8zm0 6a2 2 0 1 0 .001 4.001A2 2 0 0 0 13 14z"
          />
        </svg>
      </button>
      <span
        class="___ref-text mantine-1gz97c"
      >
        Account
      </span>
    </div>
  </li>
  <li
    class="mantine-4apa4p false false false false false"
    style="--spacing: 50px;"
  >
    <div
      class="___ref-menuItem mantine-14jelia"
      style="transition: transform 200ms ease;"
    >
      <button
        aria-describedby="DndDescribedBy-0"
        aria-disabled="false"
        aria-roledescription="sortable"
        class="mantine-l2dd5n undefined"
        data-cypress="draggable-handle"
        role="button"
        style="cursor: grab;"
        tabindex="0"
        type="button"
      >
        <svg
          viewBox="0 0 20 20"
          width="12"
        >
          <path
            d="M7 2a2 2 0 1 0 .001 4.001A2 2 0 0 0 7 2zm0 6a2 2 0 1 0 .001 4.001A2 2 0 0 0 7 8zm0 6a2 2 0 1 0 .001 4.001A2 2 0 0 0 7 14zm6-8a2 2 0 1 0-.001-4.001A2 2 0 0 0 13 6zm0 2a2 2 0 1 0 .001 4.001A2 2 0 0 0 13 8zm0 6a2 2 0 1 0 .001 4.001A2 2 0 0 0 13 14z"
          />
        </svg>
      </button>
      <span
        class="___ref-text mantine-1gz97c"
      >
        Upcoming release
      </span>
    </div>
  </li>
  <li
    class="mantine-4apa4p false false false false false"
    style="--spacing: 0px;"
  >
    <div
      class="___ref-menuItem mantine-14jelia"
      style="transition: transform 200ms ease;"
    >
      <button
        aria-describedby="DndDescribedBy-0"
        aria-disabled="false"
        aria-roledescription="sortable"
        class="mantine-l2dd5n undefined"
        data-cypress="draggable-handle"
        role="button"
        style="cursor: grab;"
        tabindex="0"
        type="button"
      >
        <svg
          viewBox="0 0 20 20"
          width="12"
        >
          <path
            d="M7 2a2 2 0 1 0 .001 4.001A2 2 0 0 0 7 2zm0 6a2 2 0 1 0 .001 4.001A2 2 0 0 0 7 8zm0 6a2 2 0 1 0 .001 4.001A2 2 0 0 0 7 14zm6-8a2 2 0 1 0-.001-4.001A2 2 0 0 0 13 6zm0 2a2 2 0 1 0 .001 4.001A2 2 0 0 0 13 8zm0 6a2 2 0 1 0 .001 4.001A2 2 0 0 0 13 14z"
          />
        </svg>
      </button>
      <span
        class="___ref-text mantine-1gz97c"
      >
        Open Issues
      </span>
    </div>
  </li>
  <li
    class="mantine-4apa4p false false false false false"
    style="--spacing: 0px;"
  >
    <div
      class="___ref-menuItem mantine-14jelia"
      style="transition: transform 200ms ease;"
    >
      <button
        aria-describedby="DndDescribedBy-0"
        aria-disabled="false"
        aria-roledescription="sortable"
        class="mantine-l2dd5n undefined"
        data-cypress="draggable-handle"
        role="button"
        style="cursor: grab;"
        tabindex="0"
        type="button"
      >
        <svg
          viewBox="0 0 20 20"
          width="12"
        >
          <path
            d="M7 2a2 2 0 1 0 .001 4.001A2 2 0 0 0 7 2zm0 6a2 2 0 1 0 .001 4.001A2 2 0 0 0 7 8zm0 6a2 2 0 1 0 .001 4.001A2 2 0 0 0 7 14zm6-8a2 2 0 1 0-.001-4.001A2 2 0 0 0 13 6zm0 2a2 2 0 1 0 .001 4.001A2 2 0 0 0 13 8zm0 6a2 2 0 1 0 .001 4.001A2 2 0 0 0 13 14z"
          />
        </svg>
      </button>
      <span
        class="___ref-text mantine-1gz97c"
      >
        Pull Requests
      </span>
    </div>
  </li>
  <li
    class="mantine-4apa4p false false false false false"
    style="--spacing: 50px;"
  >
    <div
      class="___ref-menuItem mantine-14jelia"
      style="transition: transform 200ms ease;"
    >
      <button
        aria-describedby="DndDescribedBy-0"
        aria-disabled="false"
        aria-roledescription="sortable"
        class="mantine-l2dd5n undefined"
        data-cypress="draggable-handle"
        role="button"
        style="cursor: grab;"
        tabindex="0"
        type="button"
      >
        <svg
          viewBox="0 0 20 20"
          width="12"
        >
          <path
            d="M7 2a2 2 0 1 0 .001 4.001A2 2 0 0 0 7 2zm0 6a2 2 0 1 0 .001 4.001A2 2 0 0 0 7 8zm0 6a2 2 0 1 0 .001 4.001A2 2 0 0 0 7 14zm6-8a2 2 0 1 0-.001-4.001A2 2 0 0 0 13 6zm0 2a2 2 0 1 0 .001 4.001A2 2 0 0 0 13 8zm0 6a2 2 0 1 0 .001 4.001A2 2 0 0 0 13 14z"
          />
        </svg>
      </button>
      <span
        class="___ref-text mantine-1gz97c"
      >
        Dashboard
      </span>
    </div>
  </li>
  <li
    class="mantine-4apa4p false false false false false"
    style="--spacing: 100px;"
  >
    <div
      class="___ref-menuItem mantine-14jelia"
      style="transition: transform 200ms ease;"
    >
      <button
        aria-describedby="DndDescribedBy-0"
        aria-disabled="false"
        aria-roledescription="sortable"
        class="mantine-l2dd5n undefined"
        data-cypress="draggable-handle"
        role="button"
        style="cursor: grab;"
        tabindex="0"
        type="button"
      >
        <svg
          viewBox="0 0 20 20"
          width="12"
        >
          <path
            d="M7 2a2 2 0 1 0 .001 4.001A2 2 0 0 0 7 2zm0 6a2 2 0 1 0 .001 4.001A2 2 0 0 0 7 8zm0 6a2 2 0 1 0 .001 4.001A2 2 0 0 0 7 14zm6-8a2 2 0 1 0-.001-4.001A2 2 0 0 0 13 6zm0 2a2 2 0 1 0 .001 4.001A2 2 0 0 0 13 8zm0 6a2 2 0 1 0 .001 4.001A2 2 0 0 0 13 14z"
          />
        </svg>
      </button>
      <span
        class="___ref-text mantine-1gz97c"
      >
        Wiki pages
      </span>
    </div>
  </li>
  <li
    class="mantine-4apa4p false false false false false"
    style="--spacing: 100px;"
  >
    <div
      class="___ref-menuItem mantine-14jelia"
      style="transition: transform 200ms ease;"
    >
      <button
        aria-describedby="DndDescribedBy-0"
        aria-disabled="false"
        aria-roledescription="sortable"
        class="mantine-l2dd5n undefined"
        data-cypress="draggable-handle"
        role="button"
        style="cursor: grab;"
        tabindex="0"
        type="button"
      >
        <svg
          viewBox="0 0 20 20"
          width="12"
        >
          <path
            d="M7 2a2 2 0 1 0 .001 4.001A2 2 0 0 0 7 2zm0 6a2 2 0 1 0 .001 4.001A2 2 0 0 0 7 8zm0 6a2 2 0 1 0 .001 4.001A2 2 0 0 0 7 14zm6-8a2 2 0 1 0-.001-4.001A2 2 0 0 0 13 6zm0 2a2 2 0 1 0 .001 4.001A2 2 0 0 0 13 8zm0 6a2 2 0 1 0 .001 4.001A2 2 0 0 0 13 14z"
          />
        </svg>
      </button>
      <span
        class="___ref-text mantine-1gz97c"
      >
        Settings
      </span>
    </div>
  </li>
  <li
    class="mantine-4apa4p false false false false false"
    style="--spacing: 50px;"
  >
    <div
      class="___ref-menuItem mantine-14jelia"
      style="transition: transform 200ms ease;"
    >
      <button
        aria-describedby="DndDescribedBy-0"
        aria-disabled="false"
        aria-roledescription="sortable"
        class="mantine-l2dd5n undefined"
        data-cypress="draggable-handle"
        role="button"
        style="cursor: grab;"
        tabindex="0"
        type="button"
      >
        <svg
          viewBox="0 0 20 20"
          width="12"
        >
          <path
            d="M7 2a2 2 0 1 0 .001 4.001A2 2 0 0 0 7 2zm0 6a2 2 0 1 0 .001 4.001A2 2 0 0 0 7 8zm0 6a2 2 0 1 0 .001 4.001A2 2 0 0 0 7 14zm6-8a2 2 0 1 0-.001-4.001A2 2 0 0 0 13 6zm0 2a2 2 0 1 0 .001 4.001A2 2 0 0 0 13 8zm0 6a2 2 0 1 0 .001 4.001A2 2 0 0 0 13 14z"
          />
        </svg>
      </button>
      <span
        class="___ref-text mantine-1gz97c"
      >
        Home
      </span>
    </div>
  </li>
  <div
    id="DndDescribedBy-0"
    style="display: none;"
  >
    
    To pick up a draggable item, press the space bar.
    While dragging, use the arrow keys to move the item.
    Press space again to drop the item in its new position, or press escape to cancel.
  
  </div>
  <div
    aria-atomic="true"
    aria-live="assertive"
    id="DndLiveRegion-0"
    role="status"
    style="position: fixed; width: 1px; height: 1px; margin: -1px; border: 0px; padding: 0px; overflow: hidden; clip-path: inset(100%); white-space: nowrap;"
  />
</div>
`;
