// Jest Snapshot v1, https://goo.gl/fbAQLP

exports[`Header matches snapshot 1`] = `
<div>
  <div
    class="mantine-Paper-root mantine-fybk5m"
  >
    <div>
      <div
        class="mantine-UnstyledButton-root mantine-Button-root mantine-7ol2s6"
        data-button="true"
        type="button"
      >
        <div
          class="mantine-1wpc1xj mantine-Button-inner"
        >
          <span
            class="mantine-Button-icon mantine-Button-leftIcon mantine-1jbrfp"
          >
            <div
              class="mantine-UnstyledButton-root mantine-ActionIcon-root mantine-1q46szy"
            >
              <svg
                fill="currentColor"
                height="1em"
                viewBox="0 0 256 256"
                width="1em"
                xmlns="http://www.w3.org/2000/svg"
              >
                <path
                  d="M240,208H224V115.55a16,16,0,0,0-5.17-11.78l-80-75.48a1.14,1.14,0,0,1-.11-.11,16,16,0,0,0-21.53,0l-.11.11L37.17,103.77A16,16,0,0,0,32,115.55V208H16a8,8,0,0,0,0,16H240a8,8,0,0,0,0-16ZM48,115.55l.11-.1L128,40l79.9,75.43.11.1V208H160V160a16,16,0,0,0-16-16H112a16,16,0,0,0-16,16v48H48ZM144,208H112V160h32Z"
                />
              </svg>
            </div>
          </span>
          <span
            class="mantine-Button-label mantine-12tfho7"
          >
            <button
              class="mantine-o4vq62"
              type="button"
            >
              Home
            </button>
          </span>
          <span
            class="mantine-Button-icon mantine-Button-rightIcon mantine-1ydydo3"
          >
            <button
              class="mantine-UnstyledButton-root mantine-ActionIcon-root mantine-1v3i31z"
              type="button"
            >
              <svg
                fill="currentColor"
                height="1em"
                viewBox="0 0 256 256"
                width="1em"
                xmlns="http://www.w3.org/2000/svg"
              >
                <path
                  d="M181.66,133.66l-80,80a8,8,0,0,1-11.32-11.32L164.69,128,90.34,53.66a8,8,0,0,1,11.32-11.32l80,80A8,8,0,0,1,181.66,133.66Z"
                />
              </svg>
            </button>
          </span>
        </div>
      </div>
      <div
        aria-hidden="true"
        class="mantine-19nldqr"
        style="box-sizing: border-box; display: none; height: 0px; overflow: hidden;"
      >
        <div
          style="opacity: 0; transition: opacity 200ms ease;"
        >
          <div>
            <div
              class="mantine-UnstyledButton-root mantine-Button-root mantine-zap96e"
              data-button="true"
              type="button"
            >
              <div
                class="mantine-1wpc1xj mantine-Button-inner"
              >
                <span
                  class="mantine-Button-label mantine-1nlid6w"
                >
                  <button
                    class="mantine-o4vq62"
                    type="button"
                  >
                    Home
                  </button>
                </span>
              </div>
            </div>
          </div>
        </div>
      </div>
    </div>
    <div>
      <div
        class="mantine-UnstyledButton-root mantine-Button-root mantine-7ol2s6"
        data-button="true"
        type="button"
      >
        <div
          class="mantine-1wpc1xj mantine-Button-inner"
        >
          <span
            class="mantine-Button-icon mantine-Button-leftIcon mantine-1jbrfp"
          >
            <div
              class="mantine-UnstyledButton-root mantine-ActionIcon-root mantine-1q46szy"
            >
              <svg
                fill="currentColor"
                height="1em"
                viewBox="0 0 256 256"
                width="1em"
                xmlns="http://www.w3.org/2000/svg"
              >
                <path
                  d="M216,48H40A16,16,0,0,0,24,64V224a15.84,15.84,0,0,0,9.25,14.5A16.05,16.05,0,0,0,40,240a15.89,15.89,0,0,0,10.25-3.78.69.69,0,0,0,.13-.11L82.5,208H216a16,16,0,0,0,16-16V64A16,16,0,0,0,216,48ZM40,224h0ZM216,192H82.5a16,16,0,0,0-10.3,3.75l-.12.11L40,224V64H216Z"
                />
              </svg>
            </div>
          </span>
          <span
            class="mantine-Button-label mantine-12tfho7"
          >
            <button
              class="mantine-o4vq62"
              type="button"
            >
              Security
            </button>
          </span>
          <span
            class="mantine-Button-icon mantine-Button-rightIcon mantine-1ydydo3"
          >
            <button
              class="mantine-UnstyledButton-root mantine-ActionIcon-root mantine-1v3i31z"
              type="button"
            >
              <svg
                fill="currentColor"
                height="1em"
                viewBox="0 0 256 256"
                width="1em"
                xmlns="http://www.w3.org/2000/svg"
              >
                <path
                  d="M181.66,133.66l-80,80a8,8,0,0,1-11.32-11.32L164.69,128,90.34,53.66a8,8,0,0,1,11.32-11.32l80,80A8,8,0,0,1,181.66,133.66Z"
                />
              </svg>
            </button>
          </span>
        </div>
      </div>
      <div
        aria-hidden="true"
        class="mantine-19nldqr"
        style="box-sizing: border-box; display: none; height: 0px; overflow: hidden;"
      >
        <div
          style="opacity: 0; transition: opacity 200ms ease;"
        >
          <div>
            <div
              class="mantine-UnstyledButton-root mantine-Button-root mantine-zap96e"
              data-button="true"
              type="button"
            >
              <div
                class="mantine-1wpc1xj mantine-Button-inner"
              >
                <span
                  class="mantine-Button-label mantine-1nlid6w"
                >
                  <button
                    class="mantine-o4vq62"
                    type="button"
                  >
                    Security
                  </button>
                </span>
              </div>
            </div>
          </div>
        </div>
      </div>
    </div>
    <div>
      <div
        class="mantine-UnstyledButton-root mantine-Button-root mantine-7ol2s6"
        data-button="true"
        type="button"
      >
        <div
          class="mantine-1wpc1xj mantine-Button-inner"
        >
          <span
            class="mantine-Button-icon mantine-Button-leftIcon mantine-1jbrfp"
          >
            <div
              class="mantine-UnstyledButton-root mantine-ActionIcon-root mantine-1q46szy"
            >
              <svg
                fill="currentColor"
                height="1em"
                viewBox="0 0 256 256"
                width="1em"
                xmlns="http://www.w3.org/2000/svg"
              >
                <path
                  d="M239.2,97.29a16,16,0,0,0-13.81-11L166,81.17,142.72,25.81h0a15.95,15.95,0,0,0-29.44,0L90.07,81.17,30.61,86.32a16,16,0,0,0-9.11,28.06L66.61,153.8,53.09,212.34a16,16,0,0,0,23.84,17.34l51-31,51.11,31a16,16,0,0,0,23.84-17.34l-13.51-58.6,45.1-39.36A16,16,0,0,0,239.2,97.29Zm-15.22,5-45.1,39.36a16,16,0,0,0-5.08,15.71L187.35,216v0l-51.07-31a15.9,15.9,0,0,0-16.54,0l-51,31h0L82.2,157.4a16,16,0,0,0-5.08-15.71L32,102.35a.37.37,0,0,1,0-.09l59.44-5.14a16,16,0,0,0,13.35-9.75L128,32.08l23.2,55.29a16,16,0,0,0,13.35,9.75L224,102.26S224,102.32,224,102.33Z"
                />
              </svg>
            </div>
          </span>
          <span
            class="mantine-Button-label mantine-12tfho7"
          >
            <button
              class="mantine-o4vq62"
              type="button"
            >
              Dashboard
            </button>
          </span>
          <span
            class="mantine-Button-icon mantine-Button-rightIcon mantine-1ydydo3"
          >
            <button
              class="mantine-UnstyledButton-root mantine-ActionIcon-root mantine-1v3i31z"
              type="button"
            >
              <svg
                fill="currentColor"
                height="1em"
                viewBox="0 0 256 256"
                width="1em"
                xmlns="http://www.w3.org/2000/svg"
              >
                <path
                  d="M181.66,133.66l-80,80a8,8,0,0,1-11.32-11.32L164.69,128,90.34,53.66a8,8,0,0,1,11.32-11.32l80,80A8,8,0,0,1,181.66,133.66Z"
                />
              </svg>
            </button>
          </span>
        </div>
      </div>
      <div
        aria-hidden="true"
        class="mantine-19nldqr"
        style="box-sizing: border-box; display: none; height: 0px; overflow: hidden;"
      >
        <div
          style="opacity: 0; transition: opacity 200ms ease;"
        >
          <div>
            <div
              class="mantine-UnstyledButton-root mantine-Button-root mantine-zap96e"
              data-button="true"
              type="button"
            >
              <div
                class="mantine-1wpc1xj mantine-Button-inner"
              >
                <span
                  class="mantine-Button-label mantine-1nlid6w"
                >
                  <button
                    class="mantine-o4vq62"
                    type="button"
                  >
                    Release
                  </button>
                </span>
              </div>
            </div>
          </div>
          <div>
            <div
              class="mantine-UnstyledButton-root mantine-Button-root mantine-j2rc4w"
              data-button="true"
              type="button"
            >
              <div
                class="mantine-1wpc1xj mantine-Button-inner"
              >
                <span
                  class="mantine-Button-label mantine-1nlid6w"
                >
                  <button
                    class="mantine-o4vq62"
                    type="button"
                  >
                    Account
                  </button>
                </span>
                <span
                  class="mantine-Button-icon mantine-Button-rightIcon mantine-1ydydo3"
                >
                  <button
                    class="mantine-UnstyledButton-root mantine-ActionIcon-root mantine-1v3i31z"
                    type="button"
                  >
                    <svg
                      fill="currentColor"
                      height="1em"
                      viewBox="0 0 256 256"
                      width="1em"
                      xmlns="http://www.w3.org/2000/svg"
                    >
                      <path
                        d="M181.66,133.66l-80,80a8,8,0,0,1-11.32-11.32L164.69,128,90.34,53.66a8,8,0,0,1,11.32-11.32l80,80A8,8,0,0,1,181.66,133.66Z"
                      />
                    </svg>
                  </button>
                </span>
              </div>
            </div>
            <div
              aria-hidden="true"
              class="mantine-1avyp1d"
              style="box-sizing: border-box; display: none; height: 0px; overflow: hidden;"
            >
              <div
                style="opacity: 0; transition: opacity 200ms ease;"
              >
                <div>
                  <div
                    class="mantine-UnstyledButton-root mantine-Button-root mantine-vzi7n5"
                    data-button="true"
                    type="button"
                  >
                    <div
                      class="mantine-1wpc1xj mantine-Button-inner"
                    >
                      <span
                        class="mantine-Button-label mantine-ujfmhm"
                      >
                        <button
                          class="mantine-o4vq62"
                          type="button"
                        >
                          Account
                        </button>
                      </span>
                    </div>
                  </div>
                </div>
              </div>
            </div>
          </div>
          <div>
            <div
              class="mantine-UnstyledButton-root mantine-Button-root mantine-zap96e"
              data-button="true"
              type="button"
            >
              <div
                class="mantine-1wpc1xj mantine-Button-inner"
              >
                <span
                  class="mantine-Button-label mantine-1nlid6w"
                >
                  <button
                    class="mantine-o4vq62"
                    type="button"
                  >
                    Upcoming release
                  </button>
                </span>
              </div>
            </div>
          </div>
        </div>
      </div>
    </div>
    <div>
      <div
        class="mantine-UnstyledButton-root mantine-Button-root mantine-1r9qeis"
        data-button="true"
        type="button"
      >
        <div
          class="mantine-1wpc1xj mantine-Button-inner"
        >
          <span
            class="mantine-Button-icon mantine-Button-leftIcon mantine-1jbrfp"
          >
            <div
              class="mantine-UnstyledButton-root mantine-ActionIcon-root mantine-1q46szy"
            >
              <svg
                fill="currentColor"
                height="1em"
                viewBox="0 0 256 256"
                width="1em"
                xmlns="http://www.w3.org/2000/svg"
              >
                <path
                  d="M240,208H224V115.55a16,16,0,0,0-5.17-11.78l-80-75.48a1.14,1.14,0,0,1-.11-.11,16,16,0,0,0-21.53,0l-.11.11L37.17,103.77A16,16,0,0,0,32,115.55V208H16a8,8,0,0,0,0,16H240a8,8,0,0,0,0-16ZM48,115.55l.11-.1L128,40l79.9,75.43.11.1V208H160V160a16,16,0,0,0-16-16H112a16,16,0,0,0-16,16v48H48ZM144,208H112V160h32Z"
                />
              </svg>
            </div>
          </span>
          <span
            class="mantine-Button-label mantine-12tfho7"
          >
            <button
              class="mantine-o4vq62"
              type="button"
            >
              Open Issues
            </button>
          </span>
        </div>
      </div>
    </div>
    <div>
      <div
        class="mantine-UnstyledButton-root mantine-Button-root mantine-7ol2s6"
        data-button="true"
        type="button"
      >
        <div
          class="mantine-1wpc1xj mantine-Button-inner"
        >
          <span
            class="mantine-Button-icon mantine-Button-leftIcon mantine-1jbrfp"
          >
            <div
              class="mantine-UnstyledButton-root mantine-ActionIcon-root mantine-1q46szy"
            >
              <svg
                fill="currentColor"
                height="1em"
                viewBox="0 0 256 256"
                width="1em"
                xmlns="http://www.w3.org/2000/svg"
              >
                <path
                  d="M230.92,212c-15.23-26.33-38.7-45.21-66.09-54.16a72,72,0,1,0-73.66,0C63.78,166.78,40.31,185.66,25.08,212a8,8,0,1,0,13.85,8c18.84-32.56,52.14-52,89.07-52s70.23,19.44,89.07,52a8,8,0,1,0,13.85-8ZM72,96a56,56,0,1,1,56,56A56.06,56.06,0,0,1,72,96Z"
                />
              </svg>
            </div>
          </span>
          <span
            class="mantine-Button-label mantine-12tfho7"
          >
            <button
              class="mantine-o4vq62"
              type="button"
            >
              Pull Requests
            </button>
          </span>
          <span
            class="mantine-Button-icon mantine-Button-rightIcon mantine-1ydydo3"
          >
            <button
              class="mantine-UnstyledButton-root mantine-ActionIcon-root mantine-1v3i31z"
              type="button"
            >
              <svg
                fill="currentColor"
                height="1em"
                viewBox="0 0 256 256"
                width="1em"
                xmlns="http://www.w3.org/2000/svg"
              >
                <path
                  d="M181.66,133.66l-80,80a8,8,0,0,1-11.32-11.32L164.69,128,90.34,53.66a8,8,0,0,1,11.32-11.32l80,80A8,8,0,0,1,181.66,133.66Z"
                />
              </svg>
            </button>
          </span>
        </div>
      </div>
      <div
        aria-hidden="true"
        class="mantine-19nldqr"
        style="box-sizing: border-box; display: none; height: 0px; overflow: hidden;"
      >
        <div
          style="opacity: 0; transition: opacity 200ms ease;"
        >
          <div>
            <div
              class="mantine-UnstyledButton-root mantine-Button-root mantine-j2rc4w"
              data-button="true"
              type="button"
            >
              <div
                class="mantine-1wpc1xj mantine-Button-inner"
              >
                <span
                  class="mantine-Button-label mantine-1nlid6w"
                >
                  <button
                    class="mantine-o4vq62"
                    type="button"
                  >
                    Dashboard
                  </button>
                </span>
                <span
                  class="mantine-Button-icon mantine-Button-rightIcon mantine-1ydydo3"
                >
                  <button
                    class="mantine-UnstyledButton-root mantine-ActionIcon-root mantine-1v3i31z"
                    type="button"
                  >
                    <svg
                      fill="currentColor"
                      height="1em"
                      viewBox="0 0 256 256"
                      width="1em"
                      xmlns="http://www.w3.org/2000/svg"
                    >
                      <path
                        d="M181.66,133.66l-80,80a8,8,0,0,1-11.32-11.32L164.69,128,90.34,53.66a8,8,0,0,1,11.32-11.32l80,80A8,8,0,0,1,181.66,133.66Z"
                      />
                    </svg>
                  </button>
                </span>
              </div>
            </div>
            <div
              aria-hidden="true"
              class="mantine-1avyp1d"
              style="box-sizing: border-box; display: none; height: 0px; overflow: hidden;"
            >
              <div
                style="opacity: 0; transition: opacity 200ms ease;"
              >
                <div>
                  <div
                    class="mantine-UnstyledButton-root mantine-Button-root mantine-vzi7n5"
                    data-button="true"
                    type="button"
                  >
                    <div
                      class="mantine-1wpc1xj mantine-Button-inner"
                    >
                      <span
                        class="mantine-Button-label mantine-ujfmhm"
                      >
                        <button
                          class="mantine-o4vq62"
                          type="button"
                        >
                          Wiki pages
                        </button>
                      </span>
                    </div>
                  </div>
                </div>
                <div>
                  <div
                    class="mantine-UnstyledButton-root mantine-Button-root mantine-vzi7n5"
                    data-button="true"
                    type="button"
                  >
                    <div
                      class="mantine-1wpc1xj mantine-Button-inner"
                    >
                      <span
                        class="mantine-Button-label mantine-ujfmhm"
                      >
                        <button
                          class="mantine-o4vq62"
                          type="button"
                        >
                          Settings
                        </button>
                      </span>
                    </div>
                  </div>
                </div>
              </div>
            </div>
          </div>
          <div>
            <div
              class="mantine-UnstyledButton-root mantine-Button-root mantine-zap96e"
              data-button="true"
              type="button"
            >
              <div
                class="mantine-1wpc1xj mantine-Button-inner"
              >
                <span
                  class="mantine-Button-label mantine-1nlid6w"
                >
                  <button
                    class="mantine-o4vq62"
                    type="button"
                  >
                    Home
                  </button>
                </span>
              </div>
            </div>
          </div>
        </div>
      </div>
    </div>
  </div>
</div>
`;
