// Jest Snapshot v1, https://goo.gl/fbAQLP

exports[`SelectableList matches snapshot 1`] = `
<div>
  <div
    class="mantine-Stack-root mantine-uyiazu"
  >
    <div
      class="mantine-Group-root mantine-1bxm023"
    >
      <div
        class="mantine-Checkbox-root mantine-yxmaw9"
      >
        <div
          class="mantine-hqx0d1 mantine-Checkbox-body"
        >
          <div
            class="mantine-13uu19v mantine-Checkbox-inner"
          >
            <input
              class="mantine-1g8epsg mantine-Checkbox-input"
              id="mantine-f4bipx4bi"
              type="checkbox"
            />
            <svg
              class="___ref-icon mantine-q9qwbl mantine-Checkbox-icon"
              fill="none"
              viewBox="0 0 10 7"
              xmlns="http://www.w3.org/2000/svg"
            >
              <path
                clip-rule="evenodd"
                d="M4 4.586L1.707 2.293A1 1 0 1 0 .293 3.707l3 3a.997.997 0 0 0 1.414 0l5-5A1 1 0 1 0 8.293.293L4 4.586z"
                fill="currentColor"
                fill-rule="evenodd"
              />
            </svg>
          </div>
          <div
            class="mantine-djumwf mantine-Checkbox-labelWrapper"
          />
        </div>
      </div>
      <div
        class="mantine-1feahhc"
      >
        <div
          class="mantine-Image-root mantine-1hgbf0p"
          style="width: 100%;"
        >
          <figure
            class="mantine-qenwvq mantine-Image-figure"
          >
            <div
              class="mantine-1iugybl mantine-Image-imageWrapper"
            >
              <img
                class="mantine-Image-image mantine-1thijn1"
                src=""
                style="object-fit: cover; width: 100%; height: auto;"
              />
            </div>
          </figure>
        </div>
        <div>
          <div>
            <div
              class="mantine-mdzvt7"
            >
              <div
                class="mantine-qu0qb1"
              >
                <svg
                  fill="#0b7285"
                  height="38"
                  viewBox="0 0 256 256"
                  width="38"
                  xmlns="http://www.w3.org/2000/svg"
                >
                  <path
                    d="M222,152a6,6,0,0,1-6,6H190v20h18a6,6,0,0,1,0,12H190v18a6,6,0,0,1-12,0V152a6,6,0,0,1,6-6h32A6,6,0,0,1,222,152ZM90,172a26,26,0,0,1-26,26H54v10a6,6,0,0,1-12,0V152a6,6,0,0,1,6-6H64A26,26,0,0,1,90,172Zm-12,0a14,14,0,0,0-14-14H54v28H64A14,14,0,0,0,78,172Zm84,8a34,34,0,0,1-34,34H112a6,6,0,0,1-6-6V152a6,6,0,0,1,6-6h16A34,34,0,0,1,162,180Zm-12,0a22,22,0,0,0-22-22H118v44h10A22,22,0,0,0,150,180ZM42,112V40A14,14,0,0,1,56,26h96a6,6,0,0,1,4.25,1.76l56,56A6,6,0,0,1,214,88v24a6,6,0,0,1-12,0V94H152a6,6,0,0,1-6-6V38H56a2,2,0,0,0-2,2v72a6,6,0,0,1-12,0ZM158,82h35.52L158,46.48Z"
                  />
                </svg>
              </div>
              <div>
                <div
                  class="mantine-dxs7ne"
                >
                  <span
                    class="mantine-fakv65"
                  >
                    Random_File.PDF
                  </span>
                  <span
                    class="mantine-xrrpki"
                  >
                    (Customer &gt; 567890456 &gt; Invoices)
                  </span>
                </div>
                <div
                  class="mantine-1fna5yi"
                >
                  <span>
                    Published on December 24, 2023
                  </span>
                  <span
                    class="mantine-mj4lz4"
                  >
                    -
                  </span>
                  <span
                    class="mantine-l9up18"
                  >
                    Aline Dupon
                  </span>
                </div>
              </div>
            </div>
          </div>
          <div
            class="mantine-j5huwo"
          >
            <p>
              Ceci est une description faite pour cette facture et ajoutée par le créateur lors de l’import du document dans la GED, en l’absence de description cet espace est laissé vide...
            </p>
            <button
              class="mantine-UnstyledButton-root mantine-Button-root mantine-1tate3y"
              data-button="true"
              type="button"
            >
              <div
                class="mantine-1wpc1xj mantine-Button-inner"
              >
                <span
                  class="mantine-1ryt1ht mantine-Button-label"
                >
                  <svg
                    fill="currentColor"
                    height="1em"
                    viewBox="0 0 256 256"
                    width="12"
                    xmlns="http://www.w3.org/2000/svg"
                  >
                    <path
                      d="M224,152v56a16,16,0,0,1-16,16H48a16,16,0,0,1-16-16V152a8,8,0,0,1,16,0v56H208V152a8,8,0,0,1,16,0Zm-101.66,5.66a8,8,0,0,0,11.32,0l40-40a8,8,0,0,0-11.32-11.32L136,132.69V40a8,8,0,0,0-16,0v92.69L93.66,106.34a8,8,0,0,0-11.32,11.32Z"
                    />
                  </svg>
                  <div
                    class="mantine-151bw52"
                  />
                  PDF, FR - 1Mo
                </span>
              </div>
            </button>
          </div>
        </div>
      </div>
    </div>
    <div
      class="mantine-Group-root mantine-1bxm023"
    >
      <div
        class="mantine-Checkbox-root mantine-yxmaw9"
      >
        <div
          class="mantine-hqx0d1 mantine-Checkbox-body"
        >
          <div
            class="mantine-13uu19v mantine-Checkbox-inner"
          >
            <input
              checked=""
              class="mantine-1g8epsg mantine-Checkbox-input"
              id="mantine-f4bipx4bi"
              type="checkbox"
            />
            <svg
              class="___ref-icon mantine-q9qwbl mantine-Checkbox-icon"
              fill="none"
              viewBox="0 0 10 7"
              xmlns="http://www.w3.org/2000/svg"
            >
              <path
                clip-rule="evenodd"
                d="M4 4.586L1.707 2.293A1 1 0 1 0 .293 3.707l3 3a.997.997 0 0 0 1.414 0l5-5A1 1 0 1 0 8.293.293L4 4.586z"
                fill="currentColor"
                fill-rule="evenodd"
              />
            </svg>
          </div>
          <div
            class="mantine-djumwf mantine-Checkbox-labelWrapper"
          />
        </div>
      </div>
      <div
        class="mantine-1feahhc"
      >
        <div
          class="mantine-Image-root mantine-1hgbf0p"
          style="width: 100%;"
        >
          <figure
            class="mantine-qenwvq mantine-Image-figure"
          >
            <div
              class="mantine-1iugybl mantine-Image-imageWrapper"
            >
              <img
                class="mantine-Image-image mantine-1thijn1"
                src=""
                style="object-fit: cover; width: 100%; height: auto;"
              />
            </div>
          </figure>
        </div>
        <div>
          <div>
            <div
              class="mantine-mdzvt7"
            >
              <div
                class="mantine-qu0qb1"
              >
                <svg
                  fill="#0b7285"
                  height="38"
                  viewBox="0 0 256 256"
                  width="38"
                  xmlns="http://www.w3.org/2000/svg"
                >
                  <path
                    d="M222,152a6,6,0,0,1-6,6H202v50a6,6,0,0,1-12,0V158H176a6,6,0,0,1,0-12h40A6,6,0,0,1,222,152ZM90,172a26,26,0,0,1-26,26H54v10a6,6,0,0,1-12,0V152a6,6,0,0,1,6-6H64A26,26,0,0,1,90,172Zm-12,0a14,14,0,0,0-14-14H54v28H64A14,14,0,0,0,78,172Zm80,0a26,26,0,0,1-26,26H122v10a6,6,0,0,1-12,0V152a6,6,0,0,1,6-6h16A26,26,0,0,1,158,172Zm-12,0a14,14,0,0,0-14-14H122v28h10A14,14,0,0,0,146,172ZM42,112V40A14,14,0,0,1,56,26h96a6,6,0,0,1,4.25,1.76l56,56A6,6,0,0,1,214,88v24a6,6,0,0,1-12,0V94H152a6,6,0,0,1-6-6V38H56a2,2,0,0,0-2,2v72a6,6,0,0,1-12,0ZM158,82h35.52L158,46.48Z"
                  />
                </svg>
              </div>
              <div>
                <div
                  class="mantine-dxs7ne"
                >
                  <span
                    class="mantine-fakv65"
                  >
                    Presentation.PPT
                  </span>
                  <span
                    class="mantine-xrrpki"
                  >
                    (Customer &gt; 567890456 &gt; Invoices)
                  </span>
                </div>
                <div
                  class="mantine-1fna5yi"
                >
                  <span>
                    Published on December 24, 2023
                  </span>
                  <span
                    class="mantine-mj4lz4"
                  >
                    -
                  </span>
                  <span
                    class="mantine-l9up18"
                  >
                    Julien Dominique
                  </span>
                </div>
              </div>
            </div>
          </div>
          <div
            class="mantine-j5huwo"
          >
            <p>
              Ceci est une description faite pour cette facture et ajoutée par le créateur lors de l’import du document dans la GED, en l’absence de description cet espace est laissé vide...
            </p>
            <button
              class="mantine-UnstyledButton-root mantine-Button-root mantine-1tate3y"
              data-button="true"
              type="button"
            >
              <div
                class="mantine-1wpc1xj mantine-Button-inner"
              >
                <span
                  class="mantine-1ryt1ht mantine-Button-label"
                >
                  <svg
                    fill="currentColor"
                    height="1em"
                    viewBox="0 0 256 256"
                    width="12"
                    xmlns="http://www.w3.org/2000/svg"
                  >
                    <path
                      d="M224,152v56a16,16,0,0,1-16,16H48a16,16,0,0,1-16-16V152a8,8,0,0,1,16,0v56H208V152a8,8,0,0,1,16,0Zm-101.66,5.66a8,8,0,0,0,11.32,0l40-40a8,8,0,0,0-11.32-11.32L136,132.69V40a8,8,0,0,0-16,0v92.69L93.66,106.34a8,8,0,0,0-11.32,11.32Z"
                    />
                  </svg>
                  <div
                    class="mantine-151bw52"
                  />
                  PTT, FR - 1Mo
                </span>
              </div>
            </button>
          </div>
        </div>
      </div>
    </div>
    <div
      class="mantine-Group-root mantine-1bxm023"
    >
      <div
        class="mantine-Checkbox-root mantine-yxmaw9"
      >
        <div
          class="mantine-hqx0d1 mantine-Checkbox-body"
        >
          <div
            class="mantine-13uu19v mantine-Checkbox-inner"
          >
            <input
              class="mantine-1g8epsg mantine-Checkbox-input"
              id="mantine-f4bipx4bi"
              type="checkbox"
            />
            <svg
              class="___ref-icon mantine-q9qwbl mantine-Checkbox-icon"
              fill="none"
              viewBox="0 0 10 7"
              xmlns="http://www.w3.org/2000/svg"
            >
              <path
                clip-rule="evenodd"
                d="M4 4.586L1.707 2.293A1 1 0 1 0 .293 3.707l3 3a.997.997 0 0 0 1.414 0l5-5A1 1 0 1 0 8.293.293L4 4.586z"
                fill="currentColor"
                fill-rule="evenodd"
              />
            </svg>
          </div>
          <div
            class="mantine-djumwf mantine-Checkbox-labelWrapper"
          />
        </div>
      </div>
      <div
        class="mantine-1feahhc"
      >
        <div
          class="mantine-Image-root mantine-1hgbf0p"
          style="width: 100%;"
        >
          <figure
            class="mantine-qenwvq mantine-Image-figure"
          >
            <div
              class="mantine-1iugybl mantine-Image-imageWrapper"
            >
              <img
                class="mantine-Image-image mantine-1thijn1"
                src=""
                style="object-fit: cover; width: 100%; height: auto;"
              />
            </div>
          </figure>
        </div>
        <div>
          <div>
            <div
              class="mantine-mdzvt7"
            >
              <div
                class="mantine-qu0qb1"
              >
                <svg
                  fill="#0b7285"
                  height="38"
                  viewBox="0 0 256 256"
                  width="38"
                  xmlns="http://www.w3.org/2000/svg"
                >
                  <path
                    d="M222,152a6,6,0,0,1-6,6H190v20h18a6,6,0,0,1,0,12H190v18a6,6,0,0,1-12,0V152a6,6,0,0,1,6-6h32A6,6,0,0,1,222,152ZM90,172a26,26,0,0,1-26,26H54v10a6,6,0,0,1-12,0V152a6,6,0,0,1,6-6H64A26,26,0,0,1,90,172Zm-12,0a14,14,0,0,0-14-14H54v28H64A14,14,0,0,0,78,172Zm84,8a34,34,0,0,1-34,34H112a6,6,0,0,1-6-6V152a6,6,0,0,1,6-6h16A34,34,0,0,1,162,180Zm-12,0a22,22,0,0,0-22-22H118v44h10A22,22,0,0,0,150,180ZM42,112V40A14,14,0,0,1,56,26h96a6,6,0,0,1,4.25,1.76l56,56A6,6,0,0,1,214,88v24a6,6,0,0,1-12,0V94H152a6,6,0,0,1-6-6V38H56a2,2,0,0,0-2,2v72a6,6,0,0,1-12,0ZM158,82h35.52L158,46.48Z"
                  />
                </svg>
              </div>
              <div>
                <div
                  class="mantine-dxs7ne"
                >
                  <span
                    class="mantine-fakv65"
                  >
                    Other_random_File.PDF
                  </span>
                  <span
                    class="mantine-xrrpki"
                  >
                    (Customer &gt; 567890456 &gt; Invoices)
                  </span>
                </div>
                <div
                  class="mantine-1fna5yi"
                >
                  <span>
                    Published on December 24, 2023
                  </span>
                  <span
                    class="mantine-mj4lz4"
                  >
                    -
                  </span>
                  <span
                    class="mantine-l9up18"
                  >
                    Mohamed Aldri
                  </span>
                </div>
              </div>
            </div>
          </div>
          <div
            class="mantine-j5huwo"
          >
            <p>
              Ceci est une description faite pour cette facture et ajoutée par le créateur lors de l’import du document dans la GED, en l’absence de description cet espace est laissé vide...
            </p>
            <button
              class="mantine-UnstyledButton-root mantine-Button-root mantine-1tate3y"
              data-button="true"
              type="button"
            >
              <div
                class="mantine-1wpc1xj mantine-Button-inner"
              >
                <span
                  class="mantine-1ryt1ht mantine-Button-label"
                >
                  <svg
                    fill="currentColor"
                    height="1em"
                    viewBox="0 0 256 256"
                    width="12"
                    xmlns="http://www.w3.org/2000/svg"
                  >
                    <path
                      d="M224,152v56a16,16,0,0,1-16,16H48a16,16,0,0,1-16-16V152a8,8,0,0,1,16,0v56H208V152a8,8,0,0,1,16,0Zm-101.66,5.66a8,8,0,0,0,11.32,0l40-40a8,8,0,0,0-11.32-11.32L136,132.69V40a8,8,0,0,0-16,0v92.69L93.66,106.34a8,8,0,0,0-11.32,11.32Z"
                    />
                  </svg>
                  <div
                    class="mantine-151bw52"
                  />
                  PDF, FR - 1Mo
                </span>
              </div>
            </button>
          </div>
        </div>
      </div>
    </div>
  </div>
</div>
`;
