// Jest Snapshot v1, https://goo.gl/fbAQLP

exports[`Filters matches snapshot 1`] = `
<div>
  <div
    class="mantine-i5l1wq"
  >
    <div
      class="mantine-1f8mro"
    >
      <div
        class="mantine-Group-root mantine-1emc9ft"
      >
        <span
          class="mantine-l9up18"
        >
          Active filters
        </span>
        <button
          class="mantine-UnstyledButton-root mantine-Button-root mantine-1rlikoy"
          data-button="true"
          type="button"
        >
          <div
            class="mantine-1wpc1xj mantine-Button-inner"
          >
            <span
              class="mantine-Button-icon mantine-Button-leftIcon mantine-1jbrfp"
            >
              <svg
                fill="currentColor"
                height="12"
                viewBox="0 0 256 256"
                width="12"
                xmlns="http://www.w3.org/2000/svg"
              >
                <path
                  d="M216,48H40a8,8,0,0,0,0,16h8V208a16,16,0,0,0,16,16H192a16,16,0,0,0,16-16V64h8a8,8,0,0,0,0-16ZM192,208H64V64H192ZM80,24a8,8,0,0,1,8-8h80a8,8,0,0,1,0,16H88A8,8,0,0,1,80,24Z"
                />
              </svg>
            </span>
            <span
              class="mantine-1ryt1ht mantine-Button-label"
            >
              Remove all
            </span>
          </div>
        </button>
      </div>
      <div
        class="mantine-bwi36g"
      />
    </div>
    <div
      class="mantine-17q7vz3"
    >
      <div />
    </div>
    <div
      class="mantine-njwlxd"
    >
      <button
        class="mantine-UnstyledButton-root mantine-Button-root mantine-s24n6o"
        data-button="true"
        type="button"
      >
        <div
          class="mantine-1wpc1xj mantine-Button-inner"
        >
          <span
            class="mantine-1ryt1ht mantine-Button-label"
          >
            Filter
             (
            0
            )
          </span>
        </div>
      </button>
    </div>
  </div>
</div>
`;
