// Jest Snapshot v1, https://goo.gl/fbAQLP

exports[`HeaderSearch matches snapshot 1`] = `
<div>
  <div
    class="mantine-3ozie3"
  >
    <div
      class="mantine-Input-wrapper mantine-1v7s5f8"
    >
      <div
        aria-invalid="false"
        class="mantine-Input-input mantine-1dmg58i"
      >
        <form
          class="mantine-whzeux"
        >
          <div
            class="mantine-InputWrapper-root mantine-TextInput-root mantine-12ka740"
          >
            <div
              class="mantine-Input-wrapper mantine-TextInput-wrapper mantine-8qx5cx"
            >
              <input
                aria-invalid="false"
                aria-label="Search"
                class="mantine-Input-input mantine-TextInput-input mantine-oxqjuq"
                id="header-search-test"
                type="text"
              />
              <div
                class="mantine-1nmvwx4 mantine-Input-rightSection mantine-TextInput-rightSection"
              >
                <button
                  aria-label="Clear"
                  class="mantine-UnstyledButton-root mantine-ActionIcon-root mantine-CloseButton-root mantine-ozrqr9"
                  type="button"
                >
                  <svg
                    fill="none"
                    style="width: 1.75rem; height: 1.75rem;"
                    viewBox="0 0 15 15"
                    xmlns="http://www.w3.org/2000/svg"
                  >
                    <path
                      clip-rule="evenodd"
                      d="M11.7816 4.03157C12.0062 3.80702 12.0062 3.44295 11.7816 3.2184C11.5571 2.99385 11.193 2.99385 10.9685 3.2184L7.50005 6.68682L4.03164 3.2184C3.80708 2.99385 3.44301 2.99385 3.21846 3.2184C2.99391 3.44295 2.99391 3.80702 3.21846 4.03157L6.68688 7.49999L3.21846 10.9684C2.99391 11.193 2.99391 11.557 3.21846 11.7816C3.44301 12.0061 3.80708 12.0061 4.03164 11.7816L7.50005 8.31316L10.9685 11.7816C11.193 12.0061 11.5571 12.0061 11.7816 11.7816C12.0062 11.557 12.0062 11.193 11.7816 10.9684L8.31322 7.49999L11.7816 4.03157Z"
                      fill="currentColor"
                      fill-rule="evenodd"
                    />
                  </svg>
                </button>
              </div>
            </div>
          </div>
        </form>
      </div>
    </div>
  </div>
</div>
`;
